******************************************************************************
                  TI ARM Linker Unix v18.1.4                   
******************************************************************************
>> Linked Tue Feb 12 00:01:47 2019

OUTPUT FILE NAME:   <Lab2.out>
ENTRY POINT SYMBOL: "_c_int00_noargs"  address: 00002c91


MEMORY CONFIGURATION

         name            origin    length      used     unused   attr    fill
----------------------  --------  ---------  --------  --------  ----  --------
  FLASH                 00000000   00040000  000031b6  0003ce4a  R  X
  SRAM                  20000000   00008000  00000714  000078ec  RW X


SEGMENT ALLOCATION MAP

run origin  load origin   length   init length attrs members
----------  ----------- ---------- ----------- ----- -------
00000000    00000000    000031b8   000031b8    r-x
  00000000    00000000    0000026c   0000026c    r-- .intvecs
  0000026c    0000026c    00002cfa   00002cfa    r-x .text
  00002f68    00002f68    00000200   00000200    r-- .const
  00003168    00003168    00000050   00000050    r-- .cinit
20000000    20000000    00000718   00000000    rw-
  20000000    20000000    0000026c   00000000    rw- .vtable
  20000270    20000270    00000400   00000000    rw- .stack
  20000670    20000670    00000084   00000000    rw- .bss
  200006f4    200006f4    00000024   00000000    rw- .data


SECTION ALLOCATION MAP

 output                                  attributes/
section   page    origin      length       input sections
--------  ----  ----------  ----------   ----------------
.intvecs   0    00000000    0000026c     
                  00000000    0000026c     tm4c123gh6pm_startup_ccs.obj (.intvecs)

.text      0    0000026c    00002cfa     
                  0000026c    00000a5e     rtsv7M4_T_le_v4SPD16_eabi.lib : _printfi.c.obj (.text:__TI_printfi)
                  00000cca    00000002                                   : div0.asm.obj (.text)
                  00000ccc    000003d0     Util2.lib : launchpad.obj (.text)
                  0000109c    00000270     rtsv7M4_T_le_v4SPD16_eabi.lib : _printfi.c.obj (.text:_pconv_a)
                  0000130c    000001fc     seg7.obj (.text)
                  00001508    000001d0     rtsv7M4_T_le_v4SPD16_eabi.lib : _printfi.c.obj (.text:_pconv_g)
                  000016d8    000001b6                                   : fd_add_t2.asm.obj (.text)
                  0000188e    00000002     --HOLE-- [fill = 0]
                  00001890    000001b0     main.obj (.text)
                  00001a40    0000013c     rtsv7M4_T_le_v4SPD16_eabi.lib : _printfi.c.obj (.text:_pconv_e)
                  00001b7c    00000136                                   : fd_div_t2.asm.obj (.text)
                  00001cb2    00000132     driverlib.lib : gpio.obj (.text:GPIOPadConfigSet)
                  00001de4    00000124     rtsv7M4_T_le_v4SPD16_eabi.lib : _printfi.c.obj (.text:fcvt)
                  00001f08    00000110     driverlib.lib : sysctl.obj (.text:SysCtlClockGet)
                  00002018    00000110     rtsv7M4_T_le_v4SPD16_eabi.lib : s_scalbn.c.obj (.text:scalbn)
                  00002128    000000fc                                   : fd_mul_t2.asm.obj (.text)
                  00002224    000000f4     driverlib.lib : sysctl.obj (.text:SysCtlClockSet)
                  00002318    000000c4     Util2.lib : uart.obj (.text)
                  000023dc    000000b1     rtsv7M4_T_le_v4SPD16_eabi.lib : _printfi.c.obj (.text:_ltostr)
                  0000248d    00000003     --HOLE-- [fill = 0]
                  00002490    0000009c     Util2.lib : led.obj (.text)
                  0000252c    0000009c     rtsv7M4_T_le_v4SPD16_eabi.lib : memcpy_t2.asm.obj (.text)
                  000025c8    00000096                                   : ull_div_t2.asm.obj (.text)
                  0000265e    00000002     --HOLE-- [fill = 0]
                  00002660    0000008c     Util2.lib : pushbutton.obj (.text)
                  000026ec    00000086     rtsv7M4_T_le_v4SPD16_eabi.lib : fd_cmp_t2.asm.obj (.text:__aeabi_cdcmple)
                  00002772    00000086                                   : fd_cmp_t2.asm.obj (.text:__aeabi_cdrcmple)
                  000027f8    0000007a                                   : memset_t2.asm.obj (.text)
                  00002872    0000006e                                   : _printfi.c.obj (.text:_mcpy)
                  000028e0    00000068                                   : copy_decompress_lzss.c.obj (.text:decompress:lzss:__TI_decompress_lzss)
                  00002948    00000064                                   : s_frexp.c.obj (.text:frexp)
                  000029ac    00000056                                   : _printfi.c.obj (.text:_pconv_f)
                  00002a02    00000054                                   : ltoa.c.obj (.text:ltoa)
                  00002a56    00000052                                   : _printfi.c.obj (.text:_ecpy)
                  00002aa8    0000004c                                   : atoi.c.obj (.text:atoi)
                  00002af4    00000048     driverlib.lib : gpio.obj (.text:GPIOPinConfigure)
                  00002b3c    00000048     rtsv7M4_T_le_v4SPD16_eabi.lib : fd_toi_t2.asm.obj (.text)
                  00002b84    00000046     driverlib.lib : uart.obj (.text:UARTConfigSetExpClk)
                  00002bca    00000002     --HOLE-- [fill = 0]
                  00002bcc    00000044     rtsv7M4_T_le_v4SPD16_eabi.lib : autoinit.c.obj (.text:__TI_auto_init_nobinit_nopinit:__TI_auto_init_nobinit_nopinit)
                  00002c10    00000040                                   : vsnprintf.c.obj (.text:vsnprintf)
                  00002c50    0000003e                                   : _printfi.c.obj (.text:_fcpy)
                  00002c8e    00000002     --HOLE-- [fill = 0]
                  00002c90    00000038                                   : boot_cortex_m.c.obj (.text:_c_int00_noargs:_c_int00_noargs)
                  00002cc8    00000034     driverlib.lib : interrupt.obj (.text:IntRegister)
                  00002cfc    00000034                   : sysctl.obj (.text:SysCtlPeripheralEnable)
                  00002d30    00000030     rtsv7M4_T_le_v4SPD16_eabi.lib : vsnprintf.c.obj (.text:_outs)
                  00002d60    0000002e                                   : i_tofd_t2.asm.obj (.text)
                  00002d8e    0000002a     driverlib.lib : gpio.obj (.text:GPIODirModeSet)
                  00002db8    00000020                   : uart.obj (.text:UARTDisable)
                  00002dd8    0000001c                   : systick.obj (.text:SysTickIntRegister)
                  00002df4    0000001c     rtsv7M4_T_le_v4SPD16_eabi.lib : memccpy.c.obj (.text:memccpy)
                  00002e10    00000018     driverlib.lib : gpio.obj (.text:GPIOPinTypeGPIOOutput)
                  00002e28    00000018     rtsv7M4_T_le_v4SPD16_eabi.lib : vsnprintf.c.obj (.text:_outc)
                  00002e40    00000016                                   : strchr.c.obj (.text:strchr)
                  00002e56    00000002     --HOLE-- [fill = 0]
                  00002e58    00000014     driverlib.lib : systick.obj (.text:SysTickEnable)
                  00002e6c    00000014                   : systick.obj (.text:SysTickIntEnable)
                  00002e80    00000014                   : uart.obj (.text:UARTEnable)
                  00002e94    00000014     rtsv7M4_T_le_v4SPD16_eabi.lib : s_copysign.c.obj (.text:copysign)
                  00002ea8    00000014                                   : strlen.c.obj (.text:strlen)
                  00002ebc    00000012     driverlib.lib : gpio.obj (.text:GPIOPinTypeGPIOInput)
                  00002ece    00000012                   : gpio.obj (.text:GPIOPinTypeUART)
                  00002ee0    00000012     rtsv7M4_T_le_v4SPD16_eabi.lib : copy_zero_init.c.obj (.text:decompress:ZI:__TI_zero_init_nomemset:__TI_zero_init_nomemset)
                  00002ef2    00000012                                   : wcslen.c.obj (.text:wcslen)
                  00002f04    00000010     driverlib.lib : systick.obj (.text:SysTickPeriodSet)
                  00002f14    0000000e     rtsv7M4_T_le_v4SPD16_eabi.lib : copy_decompress_none.c.obj (.text:decompress:none:__TI_decompress_none)
                  00002f22    0000000c     tm4c123gh6pm_startup_ccs.obj (.text)
                  00002f2e    0000000a     driverlib.lib : uart.obj (.text:UARTCharGet)
                  00002f38    0000000a                   : uart.obj (.text:UARTCharPut)
                  00002f42    00000002     --HOLE-- [fill = 0]
                  00002f44    00000008     rtsv7M4_T_le_v4SPD16_eabi.lib : errno.c.obj (.text:__aeabi_errno_addr)
                  00002f4c    00000006     driverlib.lib : gpio.obj (.text:GPIOPinRead)
                  00002f52    00000006                   : gpio.obj (.text:GPIOPinWrite)
                  00002f58    00000006                   : sysctl.obj (.text:SysCtlDelay)
                  00002f5e    00000004     rtsv7M4_T_le_v4SPD16_eabi.lib : pre_init.c.obj (.text:_system_pre_init)
                  00002f62    00000004                                   : exit.c.obj (.text:abort:abort)

.const     0    00002f68    00000200     
                  00002f68    00000101     rtsv7M4_T_le_v4SPD16_eabi.lib : ctype.c.obj (.const:.string:_ctypes_)
                  00003069    00000003     --HOLE-- [fill = 0]
                  0000306c    00000090     driverlib.lib : gpio.obj (.const:g_pui32GPIOBaseAddrs)
                  000030fc    0000006c                   : sysctl.obj (.const:g_pui32Xtals)

.cinit     0    00003168    00000050     
                  00003168    00000019     (.cinit..data.load) [load image, compression = lzss]
                  00003181    00000003     --HOLE-- [fill = 0]
                  00003184    0000000c     (__TI_handler_table)
                  00003190    00000008     (.cinit..bss.load) [load image, compression = zero_init]
                  00003198    00000008     (.cinit..vtable.load) [load image, compression = zero_init]
                  000031a0    00000018     (__TI_cinit_table)

.init_array 
*          0    00000000    00000000     UNINITIALIZED

.vtable    0    20000000    0000026c     UNINITIALIZED
                  20000000    0000026c     driverlib.lib : interrupt.obj (.vtable)

.bss       0    20000670    00000084     UNINITIALIZED
                  20000670    00000080     Util2.lib : launchpad.obj (.bss:callbackHeap)
                  200006f0    00000004               : launchpad.obj (.bss)

.data      0    200006f4    00000024     UNINITIALIZED
                  200006f4    0000000c     main.obj (.data)
                  20000700    0000000a     main.obj (.data:seg7Coding)
                  2000070a    00000001     Util2.lib : led.obj (.data)
                  2000070b    00000001               : pushbutton.obj (.data)
                  2000070c    00000008               : launchpad.obj (.data)
                  20000714    00000004     rtsv7M4_T_le_v4SPD16_eabi.lib : errno.c.obj (.data)

.stack     0    20000270    00000400     UNINITIALIZED
                  20000270    00000004     rtsv7M4_T_le_v4SPD16_eabi.lib : boot_cortex_m.c.obj (.stack)
                  20000274    000003fc     --HOLE--

MODULE SUMMARY

       Module                         code    ro data   rw data
       ------                         ----    -------   -------
    ./
       tm4c123gh6pm_startup_ccs.obj   12      620       0      
       seg7.obj                       508     0         0      
       main.obj                       432     0         22     
    +--+------------------------------+-------+---------+---------+
       Total:                         952     620       22     
                                                               
    /Applications/ti/TivaWare_C_Series-2.1.4.178/driverlib/ccs/Debug/driverlib.lib
       sysctl.obj                     574     108       0      
       interrupt.obj                  52      0         620    
       gpio.obj                       492     144       0      
       uart.obj                       142     0         0      
       systick.obj                    84      0         0      
    +--+------------------------------+-------+---------+---------+
       Total:                         1344    252       620    
                                                               
    /Applications/ti/ccsv8/tools/compiler/ti-cgt-arm_18.1.4.LTS/lib/rtsv7M4_T_le_v4SPD16_eabi.lib
       _printfi.c.obj                 4867    0         0      
       fd_add_t2.asm.obj              438     0         0      
       fd_div_t2.asm.obj              310     0         0      
       s_scalbn.c.obj                 272     0         0      
       fd_cmp_t2.asm.obj              268     0         0      
       ctype.c.obj                    0       257       0      
       fd_mul_t2.asm.obj              252     0         0      
       memcpy_t2.asm.obj              156     0         0      
       ull_div_t2.asm.obj             150     0         0      
       vsnprintf.c.obj                136     0         0      
       memset_t2.asm.obj              122     0         0      
       copy_decompress_lzss.c.obj     104     0         0      
       s_frexp.c.obj                  100     0         0      
       ltoa.c.obj                     84      0         0      
       atoi.c.obj                     76      0         0      
       fd_toi_t2.asm.obj              72      0         0      
       autoinit.c.obj                 68      0         0      
       boot_cortex_m.c.obj            56      0         0      
       i_tofd_t2.asm.obj              46      0         0      
       memccpy.c.obj                  28      0         0      
       strchr.c.obj                   22      0         0      
       s_copysign.c.obj               20      0         0      
       strlen.c.obj                   20      0         0      
       copy_zero_init.c.obj           18      0         0      
       wcslen.c.obj                   18      0         0      
       copy_decompress_none.c.obj     14      0         0      
       errno.c.obj                    8       0         4      
       exit.c.obj                     4       0         0      
       pre_init.c.obj                 4       0         0      
       div0.asm.obj                   2       0         0      
    +--+------------------------------+-------+---------+---------+
       Total:                         7735    257       4      
                                                               
    /Users/edgarguzman/Documents/ECE266 Labs/ECE266LabGroup7/Debug/Util2.lib
       launchpad.obj                  976     0         140    
       uart.obj                       196     0         0      
       led.obj                        156     0         1      
       pushbutton.obj                 140     0         1      
    +--+------------------------------+-------+---------+---------+
       Total:                         1468    0         142    
                                                               
       Stack:                         0       0         1024   
       Linker Generated:              0       77        0      
    +--+------------------------------+-------+---------+---------+
       Grand Total:                   11499   1206      1812   


LINKER GENERATED COPY TABLES

__TI_cinit_table @ 000031a0 records: 3, size/record: 8, table size: 24
	.data: load addr=00003168, load size=00000019 bytes, run addr=200006f4, run size=00000024 bytes, compression=lzss
	.bss: load addr=00003190, load size=00000008 bytes, run addr=20000670, run size=00000084 bytes, compression=zero_init
	.vtable: load addr=00003198, load size=00000008 bytes, run addr=20000000, run size=0000026c bytes, compression=zero_init


LINKER GENERATED HANDLER TABLE

__TI_handler_table @ 00003184 records: 3, size/record: 4, table size: 12
	index: 0, handler: __TI_zero_init
	index: 1, handler: __TI_decompress_lzss
	index: 2, handler: __TI_decompress_none


GLOBAL SYMBOLS: SORTED ALPHABETICALLY BY Name 

address   name                          
-------   ----                          
00002f63  C$$EXIT                       
00002d8f  GPIODirModeSet                
00001cb3  GPIOPadConfigSet              
00002af5  GPIOPinConfigure              
00002f4d  GPIOPinRead                   
00002ebd  GPIOPinTypeGPIOInput          
00002e11  GPIOPinTypeGPIOOutput         
00002ecf  GPIOPinTypeUART               
00002f53  GPIOPinWrite                  
00002cc9  IntRegister                   
00002f23  ResetISR                      
00001f09  SysCtlClockGet                
00002225  SysCtlClockSet                
00002f59  SysCtlDelay                   
00002cfd  SysCtlPeripheralEnable        
00002e59  SysTickEnable                 
00002e6d  SysTickIntEnable              
00002dd9  SysTickIntRegister            
00002f05  SysTickPeriodSet              
00002f2f  UARTCharGet                   
00002f39  UARTCharPut                   
00002b85  UARTConfigSetExpClk           
00002db9  UARTDisable                   
00002e81  UARTEnable                    
20000670  __STACK_END                   
00000400  __STACK_SIZE                  
20000470  __STACK_TOP                   
000031a0  __TI_CINIT_Base               
000031b8  __TI_CINIT_Limit              
00003184  __TI_Handler_Table_Base       
00003190  __TI_Handler_Table_Limit      
00002bcd  __TI_auto_init_nobinit_nopinit
000028e1  __TI_decompress_lzss          
00002f15  __TI_decompress_none          
ffffffff  __TI_pprof_out_hndl           
0000026d  __TI_printfi                  
ffffffff  __TI_prof_data_size           
ffffffff  __TI_prof_data_start          
00000000  __TI_static_base__            
00002ee1  __TI_zero_init_nomemset       
000026ed  __aeabi_cdcmpeq               
000026ed  __aeabi_cdcmple               
00002773  __aeabi_cdrcmple              
00002b3d  __aeabi_d2iz                  
000016e3  __aeabi_dadd                  
00001b7d  __aeabi_ddiv                  
00002129  __aeabi_dmul                  
000016d9  __aeabi_dsub                  
00002f45  __aeabi_errno_addr            
00002d61  __aeabi_i2d                   
00000ccb  __aeabi_idiv0                 
00000ccb  __aeabi_ldiv0                 
000027f9  __aeabi_memclr                
000027f9  __aeabi_memclr4               
000027f9  __aeabi_memclr8               
0000252d  __aeabi_memcpy                
0000252d  __aeabi_memcpy4               
0000252d  __aeabi_memcpy8               
000027fb  __aeabi_memset                
000027fb  __aeabi_memset4               
000027fb  __aeabi_memset8               
000025c9  __aeabi_uldivmod              
ffffffff  __binit__                     
ffffffff  __c_args__                    
UNDEFED   __mpu_init                    
20000270  __stack                       
00002c91  _c_int00_noargs               
00002f68  _ctypes_                      
UNDEFED   _system_post_cinit            
00002f5f  _system_pre_init              
00002f63  abort                         
00002aa9  atoi                          
ffffffff  binit                         
00001983  checkPushButton               
000018e3  clockUpdate                   
00002e95  copysign                      
00002e95  copysignl                     
20000714  errno                         
00002949  frexp                         
00002949  frexpl                        
20000000  g_pfnRAMVectors               
00000000  g_pfnVectors                  
00001891  handleDigitUpdate             
00002019  ldexp                         
00002019  ldexpl                        
000024b3  ledInit                       
00002491  ledInitForced                 
000024c7  ledTurnOnOff                  
00000fd7  lpInit                        
00002a03  ltoa                          
000019d3  main                          
00002df5  memccpy                       
0000252d  memcpy                        
00002801  memset                        
00002695  pbInit                        
00002661  pbInitForced                  
000026a9  pbRead                        
00002019  scalbn                        
00002019  scalbnl                       
00000dfb  schdCallback                  
00000e75  schdExecute                   
0000130d  seg7Init                      
00001499  seg7Update                    
00002e41  strchr                        
00002ea9  strlen                        
00000d5f  sysTimeGet                    
00000d65  sysTimeReached                
00000d8b  sysTimeWait                   
00000daf  sysTimeWaitAbsolute           
00002365  uartGetChar                   
00002319  uartInit                      
00002353  uartPutChar                   
00002377  uartPutString                 
000023a3  uprintf                       
00002c11  vsnprintf                     
00000f79  waitMs                        
00000fa9  waitUs                        
00002ef3  wcslen                        


GLOBAL SYMBOLS: SORTED BY Symbol Address 

address   name                          
-------   ----                          
00000000  __TI_static_base__            
00000000  g_pfnVectors                  
0000026d  __TI_printfi                  
00000400  __STACK_SIZE                  
00000ccb  __aeabi_idiv0                 
00000ccb  __aeabi_ldiv0                 
00000d5f  sysTimeGet                    
00000d65  sysTimeReached                
00000d8b  sysTimeWait                   
00000daf  sysTimeWaitAbsolute           
00000dfb  schdCallback                  
00000e75  schdExecute                   
00000f79  waitMs                        
00000fa9  waitUs                        
00000fd7  lpInit                        
0000130d  seg7Init                      
00001499  seg7Update                    
000016d9  __aeabi_dsub                  
000016e3  __aeabi_dadd                  
00001891  handleDigitUpdate             
000018e3  clockUpdate                   
00001983  checkPushButton               
000019d3  main                          
00001b7d  __aeabi_ddiv                  
00001cb3  GPIOPadConfigSet              
00001f09  SysCtlClockGet                
00002019  ldexp                         
00002019  ldexpl                        
00002019  scalbn                        
00002019  scalbnl                       
00002129  __aeabi_dmul                  
00002225  SysCtlClockSet                
00002319  uartInit                      
00002353  uartPutChar                   
00002365  uartGetChar                   
00002377  uartPutString                 
000023a3  uprintf                       
00002491  ledInitForced                 
000024b3  ledInit                       
000024c7  ledTurnOnOff                  
0000252d  __aeabi_memcpy                
0000252d  __aeabi_memcpy4               
0000252d  __aeabi_memcpy8               
0000252d  memcpy                        
000025c9  __aeabi_uldivmod              
00002661  pbInitForced                  
00002695  pbInit                        
000026a9  pbRead                        
000026ed  __aeabi_cdcmpeq               
000026ed  __aeabi_cdcmple               
00002773  __aeabi_cdrcmple              
000027f9  __aeabi_memclr                
000027f9  __aeabi_memclr4               
000027f9  __aeabi_memclr8               
000027fb  __aeabi_memset                
000027fb  __aeabi_memset4               
000027fb  __aeabi_memset8               
00002801  memset                        
000028e1  __TI_decompress_lzss          
00002949  frexp                         
00002949  frexpl                        
00002a03  ltoa                          
00002aa9  atoi                          
00002af5  GPIOPinConfigure              
00002b3d  __aeabi_d2iz                  
00002b85  UARTConfigSetExpClk           
00002bcd  __TI_auto_init_nobinit_nopinit
00002c11  vsnprintf                     
00002c91  _c_int00_noargs               
00002cc9  IntRegister                   
00002cfd  SysCtlPeripheralEnable        
00002d61  __aeabi_i2d                   
00002d8f  GPIODirModeSet                
00002db9  UARTDisable                   
00002dd9  SysTickIntRegister            
00002df5  memccpy                       
00002e11  GPIOPinTypeGPIOOutput         
00002e41  strchr                        
00002e59  SysTickEnable                 
00002e6d  SysTickIntEnable              
00002e81  UARTEnable                    
00002e95  copysign                      
00002e95  copysignl                     
00002ea9  strlen                        
00002ebd  GPIOPinTypeGPIOInput          
00002ecf  GPIOPinTypeUART               
00002ee1  __TI_zero_init_nomemset       
00002ef3  wcslen                        
00002f05  SysTickPeriodSet              
00002f15  __TI_decompress_none          
00002f23  ResetISR                      
00002f2f  UARTCharGet                   
00002f39  UARTCharPut                   
00002f45  __aeabi_errno_addr            
00002f4d  GPIOPinRead                   
00002f53  GPIOPinWrite                  
00002f59  SysCtlDelay                   
00002f5f  _system_pre_init              
00002f63  C$$EXIT                       
00002f63  abort                         
00002f68  _ctypes_                      
00003184  __TI_Handler_Table_Base       
00003190  __TI_Handler_Table_Limit      
000031a0  __TI_CINIT_Base               
000031b8  __TI_CINIT_Limit              
20000000  g_pfnRAMVectors               
20000270  __stack                       
20000470  __STACK_TOP                   
20000670  __STACK_END                   
20000714  errno                         
ffffffff  __TI_pprof_out_hndl           
ffffffff  __TI_prof_data_size           
ffffffff  __TI_prof_data_start          
ffffffff  __binit__                     
ffffffff  __c_args__                    
ffffffff  binit                         
UNDEFED   __mpu_init                    
UNDEFED   _system_post_cinit            

[118 symbols]
