<?xml version="1.0" encoding="ISO-8859-1" ?>
<link_info>
   <banner>TI ARM Linker Unix v18.1.4.LTS</banner>
   <copyright>Copyright (c) 1996-2018 Texas Instruments Incorporated</copyright>
   <link_time>0x5c62614b</link_time>
   <link_errors>0x0</link_errors>
   <output_file>Lab2.out</output_file>
   <entry_point>
      <name>_c_int00_noargs</name>
      <address>0x2c91</address>
   </entry_point>
   <input_file_list>
      <input_file id="fl-1">
         <path>./</path>
         <kind>object</kind>
         <file>main.obj</file>
         <name>main.obj</name>
      </input_file>
      <input_file id="fl-2">
         <path>./</path>
         <kind>object</kind>
         <file>seg7.obj</file>
         <name>seg7.obj</name>
      </input_file>
      <input_file id="fl-3">
         <path>./</path>
         <kind>object</kind>
         <file>tm4c123gh6pm_startup_ccs.obj</file>
         <name>tm4c123gh6pm_startup_ccs.obj</name>
      </input_file>
      <input_file id="fl-9">
         <kind>object</kind>
         <file>&lt;internal&gt;</file>
         <name>&lt;internal&gt;</name>
      </input_file>
      <input_file id="fl-bf">
         <path>/Applications/ti/ccsv8/tools/compiler/ti-cgt-arm_18.1.4.LTS/lib/</path>
         <kind>archive</kind>
         <file>rtsv7M4_T_le_v4SPD16_eabi.lib</file>
         <name>copy_zero_init.c.obj</name>
      </input_file>
      <input_file id="fl-c0">
         <path>/Applications/ti/ccsv8/tools/compiler/ti-cgt-arm_18.1.4.LTS/lib/</path>
         <kind>archive</kind>
         <file>rtsv7M4_T_le_v4SPD16_eabi.lib</file>
         <name>copy_decompress_none.c.obj</name>
      </input_file>
      <input_file id="fl-c1">
         <path>/Applications/ti/ccsv8/tools/compiler/ti-cgt-arm_18.1.4.LTS/lib/</path>
         <kind>archive</kind>
         <file>rtsv7M4_T_le_v4SPD16_eabi.lib</file>
         <name>copy_decompress_lzss.c.obj</name>
      </input_file>
      <input_file id="fl-c2">
         <path>/Applications/ti/ccsv8/tools/compiler/ti-cgt-arm_18.1.4.LTS/lib/</path>
         <kind>archive</kind>
         <file>rtsv7M4_T_le_v4SPD16_eabi.lib</file>
         <name>boot_cortex_m.c.obj</name>
      </input_file>
      <input_file id="fl-c3">
         <path>/Applications/ti/ccsv8/tools/compiler/ti-cgt-arm_18.1.4.LTS/lib/</path>
         <kind>archive</kind>
         <file>rtsv7M4_T_le_v4SPD16_eabi.lib</file>
         <name>exit.c.obj</name>
      </input_file>
      <input_file id="fl-c4">
         <path>/Applications/ti/ccsv8/tools/compiler/ti-cgt-arm_18.1.4.LTS/lib/</path>
         <kind>archive</kind>
         <file>rtsv7M4_T_le_v4SPD16_eabi.lib</file>
         <name>_lock.c.obj</name>
      </input_file>
      <input_file id="fl-c5">
         <path>/Applications/ti/ccsv8/tools/compiler/ti-cgt-arm_18.1.4.LTS/lib/</path>
         <kind>archive</kind>
         <file>rtsv7M4_T_le_v4SPD16_eabi.lib</file>
         <name>args_main.c.obj</name>
      </input_file>
      <input_file id="fl-c6">
         <path>/Applications/ti/ccsv8/tools/compiler/ti-cgt-arm_18.1.4.LTS/lib/</path>
         <kind>archive</kind>
         <file>rtsv7M4_T_le_v4SPD16_eabi.lib</file>
         <name>memcpy_t2.asm.obj</name>
      </input_file>
      <input_file id="fl-c7">
         <path>/Applications/ti/ccsv8/tools/compiler/ti-cgt-arm_18.1.4.LTS/lib/</path>
         <kind>archive</kind>
         <file>rtsv7M4_T_le_v4SPD16_eabi.lib</file>
         <name>memset_t2.asm.obj</name>
      </input_file>
      <input_file id="fl-c8">
         <path>/Applications/ti/ccsv8/tools/compiler/ti-cgt-arm_18.1.4.LTS/lib/</path>
         <kind>archive</kind>
         <file>rtsv7M4_T_le_v4SPD16_eabi.lib</file>
         <name>autoinit.c.obj</name>
      </input_file>
      <input_file id="fl-c9">
         <path>/Applications/ti/ccsv8/tools/compiler/ti-cgt-arm_18.1.4.LTS/lib/</path>
         <kind>archive</kind>
         <file>rtsv7M4_T_le_v4SPD16_eabi.lib</file>
         <name>pre_init.c.obj</name>
      </input_file>
      <input_file id="fl-ca">
         <path>/Applications/ti/ccsv8/tools/compiler/ti-cgt-arm_18.1.4.LTS/lib/</path>
         <kind>archive</kind>
         <file>rtsv7M4_T_le_v4SPD16_eabi.lib</file>
         <name>cpy_tbl.c.obj</name>
      </input_file>
      <input_file id="fl-cb">
         <path>/Applications/ti/TivaWare_C_Series-2.1.4.178/driverlib/ccs/Debug/</path>
         <kind>archive</kind>
         <file>driverlib.lib</file>
         <name>gpio.obj</name>
      </input_file>
      <input_file id="fl-cc">
         <path>/Applications/ti/TivaWare_C_Series-2.1.4.178/driverlib/ccs/Debug/</path>
         <kind>archive</kind>
         <file>driverlib.lib</file>
         <name>interrupt.obj</name>
      </input_file>
      <input_file id="fl-cd">
         <path>/Applications/ti/TivaWare_C_Series-2.1.4.178/driverlib/ccs/Debug/</path>
         <kind>archive</kind>
         <file>driverlib.lib</file>
         <name>sysctl.obj</name>
      </input_file>
      <input_file id="fl-ce">
         <path>/Applications/ti/TivaWare_C_Series-2.1.4.178/driverlib/ccs/Debug/</path>
         <kind>archive</kind>
         <file>driverlib.lib</file>
         <name>cpu.obj</name>
      </input_file>
      <input_file id="fl-cf">
         <path>/Users/edgarguzman/Documents/ECE266 Labs/ECE266LabGroup7/Debug/</path>
         <kind>archive</kind>
         <file>Util2.lib</file>
         <name>launchpad.obj</name>
      </input_file>
      <input_file id="fl-d0">
         <path>/Users/edgarguzman/Documents/ECE266 Labs/ECE266LabGroup7/Debug/</path>
         <kind>archive</kind>
         <file>Util2.lib</file>
         <name>led.obj</name>
      </input_file>
      <input_file id="fl-d1">
         <path>/Users/edgarguzman/Documents/ECE266 Labs/ECE266LabGroup7/Debug/</path>
         <kind>archive</kind>
         <file>Util2.lib</file>
         <name>pushbutton.obj</name>
      </input_file>
      <input_file id="fl-d2">
         <path>/Users/edgarguzman/Documents/ECE266 Labs/ECE266LabGroup7/Debug/</path>
         <kind>archive</kind>
         <file>Util2.lib</file>
         <name>uart.obj</name>
      </input_file>
      <input_file id="fl-d3">
         <path>/Applications/ti/ccsv8/tools/compiler/ti-cgt-arm_18.1.4.LTS/lib/</path>
         <kind>archive</kind>
         <file>rtsv7M4_T_le_v4SPD16_eabi.lib</file>
         <name>ull_div_t2.asm.obj</name>
      </input_file>
      <input_file id="fl-d4">
         <path>/Applications/ti/ccsv8/tools/compiler/ti-cgt-arm_18.1.4.LTS/lib/</path>
         <kind>archive</kind>
         <file>rtsv7M4_T_le_v4SPD16_eabi.lib</file>
         <name>vsnprintf.c.obj</name>
      </input_file>
      <input_file id="fl-d5">
         <path>/Applications/ti/ccsv8/tools/compiler/ti-cgt-arm_18.1.4.LTS/lib/</path>
         <kind>archive</kind>
         <file>rtsv7M4_T_le_v4SPD16_eabi.lib</file>
         <name>div0.asm.obj</name>
      </input_file>
      <input_file id="fl-d6">
         <path>/Applications/ti/ccsv8/tools/compiler/ti-cgt-arm_18.1.4.LTS/lib/</path>
         <kind>archive</kind>
         <file>rtsv7M4_T_le_v4SPD16_eabi.lib</file>
         <name>_printfi.c.obj</name>
      </input_file>
      <input_file id="fl-d7">
         <path>/Applications/ti/ccsv8/tools/compiler/ti-cgt-arm_18.1.4.LTS/lib/</path>
         <kind>archive</kind>
         <file>rtsv7M4_T_le_v4SPD16_eabi.lib</file>
         <name>atoi.c.obj</name>
      </input_file>
      <input_file id="fl-d8">
         <path>/Applications/ti/ccsv8/tools/compiler/ti-cgt-arm_18.1.4.LTS/lib/</path>
         <kind>archive</kind>
         <file>rtsv7M4_T_le_v4SPD16_eabi.lib</file>
         <name>ctype.c.obj</name>
      </input_file>
      <input_file id="fl-d9">
         <path>/Applications/ti/ccsv8/tools/compiler/ti-cgt-arm_18.1.4.LTS/lib/</path>
         <kind>archive</kind>
         <file>rtsv7M4_T_le_v4SPD16_eabi.lib</file>
         <name>ltoa.c.obj</name>
      </input_file>
      <input_file id="fl-da">
         <path>/Applications/ti/ccsv8/tools/compiler/ti-cgt-arm_18.1.4.LTS/lib/</path>
         <kind>archive</kind>
         <file>rtsv7M4_T_le_v4SPD16_eabi.lib</file>
         <name>memccpy.c.obj</name>
      </input_file>
      <input_file id="fl-db">
         <path>/Applications/ti/ccsv8/tools/compiler/ti-cgt-arm_18.1.4.LTS/lib/</path>
         <kind>archive</kind>
         <file>rtsv7M4_T_le_v4SPD16_eabi.lib</file>
         <name>strchr.c.obj</name>
      </input_file>
      <input_file id="fl-dc">
         <path>/Applications/ti/ccsv8/tools/compiler/ti-cgt-arm_18.1.4.LTS/lib/</path>
         <kind>archive</kind>
         <file>rtsv7M4_T_le_v4SPD16_eabi.lib</file>
         <name>strlen.c.obj</name>
      </input_file>
      <input_file id="fl-dd">
         <path>/Applications/ti/ccsv8/tools/compiler/ti-cgt-arm_18.1.4.LTS/lib/</path>
         <kind>archive</kind>
         <file>rtsv7M4_T_le_v4SPD16_eabi.lib</file>
         <name>wcslen.c.obj</name>
      </input_file>
      <input_file id="fl-de">
         <path>/Applications/ti/ccsv8/tools/compiler/ti-cgt-arm_18.1.4.LTS/lib/</path>
         <kind>archive</kind>
         <file>rtsv7M4_T_le_v4SPD16_eabi.lib</file>
         <name>s_frexp.c.obj</name>
      </input_file>
      <input_file id="fl-df">
         <path>/Applications/ti/ccsv8/tools/compiler/ti-cgt-arm_18.1.4.LTS/lib/</path>
         <kind>archive</kind>
         <file>rtsv7M4_T_le_v4SPD16_eabi.lib</file>
         <name>s_scalbn.c.obj</name>
      </input_file>
      <input_file id="fl-e0">
         <path>/Applications/ti/ccsv8/tools/compiler/ti-cgt-arm_18.1.4.LTS/lib/</path>
         <kind>archive</kind>
         <file>rtsv7M4_T_le_v4SPD16_eabi.lib</file>
         <name>fd_add_t2.asm.obj</name>
      </input_file>
      <input_file id="fl-e1">
         <path>/Applications/ti/ccsv8/tools/compiler/ti-cgt-arm_18.1.4.LTS/lib/</path>
         <kind>archive</kind>
         <file>rtsv7M4_T_le_v4SPD16_eabi.lib</file>
         <name>fd_cmp_t2.asm.obj</name>
      </input_file>
      <input_file id="fl-e2">
         <path>/Applications/ti/ccsv8/tools/compiler/ti-cgt-arm_18.1.4.LTS/lib/</path>
         <kind>archive</kind>
         <file>rtsv7M4_T_le_v4SPD16_eabi.lib</file>
         <name>fd_div_t2.asm.obj</name>
      </input_file>
      <input_file id="fl-e3">
         <path>/Applications/ti/ccsv8/tools/compiler/ti-cgt-arm_18.1.4.LTS/lib/</path>
         <kind>archive</kind>
         <file>rtsv7M4_T_le_v4SPD16_eabi.lib</file>
         <name>fd_mul_t2.asm.obj</name>
      </input_file>
      <input_file id="fl-e4">
         <path>/Applications/ti/ccsv8/tools/compiler/ti-cgt-arm_18.1.4.LTS/lib/</path>
         <kind>archive</kind>
         <file>rtsv7M4_T_le_v4SPD16_eabi.lib</file>
         <name>fd_toi_t2.asm.obj</name>
      </input_file>
      <input_file id="fl-e5">
         <path>/Applications/ti/ccsv8/tools/compiler/ti-cgt-arm_18.1.4.LTS/lib/</path>
         <kind>archive</kind>
         <file>rtsv7M4_T_le_v4SPD16_eabi.lib</file>
         <name>i_tofd_t2.asm.obj</name>
      </input_file>
      <input_file id="fl-e6">
         <path>/Applications/ti/ccsv8/tools/compiler/ti-cgt-arm_18.1.4.LTS/lib/</path>
         <kind>archive</kind>
         <file>rtsv7M4_T_le_v4SPD16_eabi.lib</file>
         <name>errno.c.obj</name>
      </input_file>
      <input_file id="fl-e7">
         <path>/Applications/ti/ccsv8/tools/compiler/ti-cgt-arm_18.1.4.LTS/lib/</path>
         <kind>archive</kind>
         <file>rtsv7M4_T_le_v4SPD16_eabi.lib</file>
         <name>s_copysign.c.obj</name>
      </input_file>
      <input_file id="fl-e8">
         <path>/Applications/ti/TivaWare_C_Series-2.1.4.178/driverlib/ccs/Debug/</path>
         <kind>archive</kind>
         <file>driverlib.lib</file>
         <name>systick.obj</name>
      </input_file>
      <input_file id="fl-e9">
         <path>/Applications/ti/TivaWare_C_Series-2.1.4.178/driverlib/ccs/Debug/</path>
         <kind>archive</kind>
         <file>driverlib.lib</file>
         <name>uart.obj</name>
      </input_file>
   </input_file_list>
   <object_component_list>
      <object_component id="oc-f">
         <name>.intvecs</name>
         <load_address>0x0</load_address>
         <run_address>0x0</run_address>
         <size>0x26c</size>
         <input_file_ref idref="fl-3"/>
      </object_component>
      <object_component id="oc-22a">
         <name>.text:__TI_printfi</name>
         <load_address>0x26c</load_address>
         <run_address>0x26c</run_address>
         <size>0xa5e</size>
         <input_file_ref idref="fl-d6"/>
      </object_component>
      <object_component id="oc-1e9">
         <name>.text</name>
         <load_address>0xcca</load_address>
         <run_address>0xcca</run_address>
         <size>0x2</size>
         <input_file_ref idref="fl-d5"/>
      </object_component>
      <object_component id="oc-cb">
         <name>.text</name>
         <load_address>0xccc</load_address>
         <run_address>0xccc</run_address>
         <size>0x3d0</size>
         <input_file_ref idref="fl-cf"/>
      </object_component>
      <object_component id="oc-2b5">
         <name>.text:_pconv_a</name>
         <load_address>0x109c</load_address>
         <run_address>0x109c</run_address>
         <size>0x270</size>
         <input_file_ref idref="fl-d6"/>
      </object_component>
      <object_component id="oc-c5">
         <name>.text</name>
         <load_address>0x130c</load_address>
         <run_address>0x130c</run_address>
         <size>0x1fc</size>
         <input_file_ref idref="fl-2"/>
      </object_component>
      <object_component id="oc-2a3">
         <name>.text:_pconv_g</name>
         <load_address>0x1508</load_address>
         <run_address>0x1508</run_address>
         <size>0x1d0</size>
         <input_file_ref idref="fl-d6"/>
      </object_component>
      <object_component id="oc-318">
         <name>.text</name>
         <load_address>0x16d8</load_address>
         <run_address>0x16d8</run_address>
         <size>0x1b6</size>
         <input_file_ref idref="fl-e0"/>
      </object_component>
      <object_component id="oc-98">
         <name>.text</name>
         <load_address>0x1890</load_address>
         <run_address>0x1890</run_address>
         <size>0x1b0</size>
         <input_file_ref idref="fl-1"/>
      </object_component>
      <object_component id="oc-2af">
         <name>.text:_pconv_e</name>
         <load_address>0x1a40</load_address>
         <run_address>0x1a40</run_address>
         <size>0x13c</size>
         <input_file_ref idref="fl-d6"/>
      </object_component>
      <object_component id="oc-2fe">
         <name>.text</name>
         <load_address>0x1b7c</load_address>
         <run_address>0x1b7c</run_address>
         <size>0x136</size>
         <input_file_ref idref="fl-e2"/>
      </object_component>
      <object_component id="oc-12a">
         <name>.text:GPIOPadConfigSet</name>
         <load_address>0x1cb2</load_address>
         <run_address>0x1cb2</run_address>
         <size>0x132</size>
         <input_file_ref idref="fl-cb"/>
      </object_component>
      <object_component id="oc-32a">
         <name>.text:fcvt</name>
         <load_address>0x1de4</load_address>
         <run_address>0x1de4</run_address>
         <size>0x124</size>
         <input_file_ref idref="fl-d6"/>
      </object_component>
      <object_component id="oc-150">
         <name>.text:SysCtlClockGet</name>
         <load_address>0x1f08</load_address>
         <run_address>0x1f08</run_address>
         <size>0x110</size>
         <input_file_ref idref="fl-cd"/>
      </object_component>
      <object_component id="oc-33e">
         <name>.text:scalbn</name>
         <load_address>0x2018</load_address>
         <run_address>0x2018</run_address>
         <size>0x110</size>
         <input_file_ref idref="fl-df"/>
      </object_component>
      <object_component id="oc-2f9">
         <name>.text</name>
         <load_address>0x2128</load_address>
         <run_address>0x2128</run_address>
         <size>0xfc</size>
         <input_file_ref idref="fl-e3"/>
      </object_component>
      <object_component id="oc-14a">
         <name>.text:SysCtlClockSet</name>
         <load_address>0x2224</load_address>
         <run_address>0x2224</run_address>
         <size>0xf4</size>
         <input_file_ref idref="fl-cd"/>
      </object_component>
      <object_component id="oc-d7">
         <name>.text</name>
         <load_address>0x2318</load_address>
         <run_address>0x2318</run_address>
         <size>0xc4</size>
         <input_file_ref idref="fl-d2"/>
      </object_component>
      <object_component id="oc-298">
         <name>.text:_ltostr</name>
         <load_address>0x23dc</load_address>
         <run_address>0x23dc</run_address>
         <size>0xb1</size>
         <input_file_ref idref="fl-d6"/>
      </object_component>
      <object_component id="oc-16e">
         <name>.text</name>
         <load_address>0x2490</load_address>
         <run_address>0x2490</run_address>
         <size>0x9c</size>
         <input_file_ref idref="fl-d0"/>
      </object_component>
      <object_component id="oc-38">
         <name>.text</name>
         <load_address>0x252c</load_address>
         <run_address>0x252c</run_address>
         <size>0x9c</size>
         <input_file_ref idref="fl-c6"/>
      </object_component>
      <object_component id="oc-144">
         <name>.text</name>
         <load_address>0x25c8</load_address>
         <run_address>0x25c8</run_address>
         <size>0x96</size>
         <input_file_ref idref="fl-d3"/>
      </object_component>
      <object_component id="oc-d1">
         <name>.text</name>
         <load_address>0x2660</load_address>
         <run_address>0x2660</run_address>
         <size>0x8c</size>
         <input_file_ref idref="fl-d1"/>
      </object_component>
      <object_component id="oc-29e">
         <name>.text:__aeabi_cdcmple</name>
         <load_address>0x26ec</load_address>
         <run_address>0x26ec</run_address>
         <size>0x86</size>
         <input_file_ref idref="fl-e1"/>
      </object_component>
      <object_component id="oc-303">
         <name>.text:__aeabi_cdrcmple</name>
         <load_address>0x2772</load_address>
         <run_address>0x2772</run_address>
         <size>0x86</size>
         <input_file_ref idref="fl-e1"/>
      </object_component>
      <object_component id="oc-8c">
         <name>.text</name>
         <load_address>0x27f8</load_address>
         <run_address>0x27f8</run_address>
         <size>0x7a</size>
         <input_file_ref idref="fl-c7"/>
      </object_component>
      <object_component id="oc-323">
         <name>.text:_mcpy</name>
         <load_address>0x2872</load_address>
         <run_address>0x2872</run_address>
         <size>0x6e</size>
         <input_file_ref idref="fl-d6"/>
      </object_component>
      <object_component id="oc-12">
         <name>.text:decompress:lzss:__TI_decompress_lzss</name>
         <load_address>0x28e0</load_address>
         <run_address>0x28e0</run_address>
         <size>0x68</size>
         <input_file_ref idref="fl-c1"/>
      </object_component>
      <object_component id="oc-338">
         <name>.text:frexp</name>
         <load_address>0x2948</load_address>
         <run_address>0x2948</run_address>
         <size>0x64</size>
         <input_file_ref idref="fl-de"/>
      </object_component>
      <object_component id="oc-2a9">
         <name>.text:_pconv_f</name>
         <load_address>0x29ac</load_address>
         <run_address>0x29ac</run_address>
         <size>0x56</size>
         <input_file_ref idref="fl-d6"/>
      </object_component>
      <object_component id="oc-30d">
         <name>.text:ltoa</name>
         <load_address>0x2a02</load_address>
         <run_address>0x2a02</run_address>
         <size>0x54</size>
         <input_file_ref idref="fl-d9"/>
      </object_component>
      <object_component id="oc-31d">
         <name>.text:_ecpy</name>
         <load_address>0x2a56</load_address>
         <run_address>0x2a56</run_address>
         <size>0x52</size>
         <input_file_ref idref="fl-d6"/>
      </object_component>
      <object_component id="oc-292">
         <name>.text:atoi</name>
         <load_address>0x2aa8</load_address>
         <run_address>0x2aa8</run_address>
         <size>0x4c</size>
         <input_file_ref idref="fl-d7"/>
      </object_component>
      <object_component id="oc-189">
         <name>.text:GPIOPinConfigure</name>
         <load_address>0x2af4</load_address>
         <run_address>0x2af4</run_address>
         <size>0x48</size>
         <input_file_ref idref="fl-cb"/>
      </object_component>
      <object_component id="oc-308">
         <name>.text</name>
         <load_address>0x2b3c</load_address>
         <run_address>0x2b3c</run_address>
         <size>0x48</size>
         <input_file_ref idref="fl-e4"/>
      </object_component>
      <object_component id="oc-195">
         <name>.text:UARTConfigSetExpClk</name>
         <load_address>0x2b84</load_address>
         <run_address>0x2b84</run_address>
         <size>0x46</size>
         <input_file_ref idref="fl-e9"/>
      </object_component>
      <object_component id="oc-f0">
         <name>.text:__TI_auto_init_nobinit_nopinit:__TI_auto_init_nobinit_nopinit</name>
         <load_address>0x2bcc</load_address>
         <run_address>0x2bcc</run_address>
         <size>0x44</size>
         <input_file_ref idref="fl-c8"/>
      </object_component>
      <object_component id="oc-1a7">
         <name>.text:vsnprintf</name>
         <load_address>0x2c10</load_address>
         <run_address>0x2c10</run_address>
         <size>0x40</size>
         <input_file_ref idref="fl-d4"/>
      </object_component>
      <object_component id="oc-330">
         <name>.text:_fcpy</name>
         <load_address>0x2c50</load_address>
         <run_address>0x2c50</run_address>
         <size>0x3e</size>
         <input_file_ref idref="fl-d6"/>
      </object_component>
      <object_component id="oc-56">
         <name>.text:_c_int00_noargs:_c_int00_noargs</name>
         <load_address>0x2c90</load_address>
         <run_address>0x2c90</run_address>
         <size>0x38</size>
         <input_file_ref idref="fl-c2"/>
      </object_component>
      <object_component id="oc-1f6">
         <name>.text:IntRegister</name>
         <load_address>0x2cc8</load_address>
         <run_address>0x2cc8</run_address>
         <size>0x34</size>
         <input_file_ref idref="fl-cc"/>
      </object_component>
      <object_component id="oc-124">
         <name>.text:SysCtlPeripheralEnable</name>
         <load_address>0x2cfc</load_address>
         <run_address>0x2cfc</run_address>
         <size>0x34</size>
         <input_file_ref idref="fl-cd"/>
      </object_component>
      <object_component id="oc-230">
         <name>.text:_outs</name>
         <load_address>0x2d30</load_address>
         <run_address>0x2d30</run_address>
         <size>0x30</size>
         <input_file_ref idref="fl-d4"/>
      </object_component>
      <object_component id="oc-313">
         <name>.text</name>
         <load_address>0x2d60</load_address>
         <run_address>0x2d60</run_address>
         <size>0x2e</size>
         <input_file_ref idref="fl-e5"/>
      </object_component>
      <object_component id="oc-130">
         <name>.text:GPIODirModeSet</name>
         <load_address>0x2d8e</load_address>
         <run_address>0x2d8e</run_address>
         <size>0x2a</size>
         <input_file_ref idref="fl-cb"/>
      </object_component>
      <object_component id="oc-21a">
         <name>.text:UARTDisable</name>
         <load_address>0x2db8</load_address>
         <run_address>0x2db8</run_address>
         <size>0x20</size>
         <input_file_ref idref="fl-e9"/>
      </object_component>
      <object_component id="oc-15c">
         <name>.text:SysTickIntRegister</name>
         <load_address>0x2dd8</load_address>
         <run_address>0x2dd8</run_address>
         <size>0x1c</size>
         <input_file_ref idref="fl-e8"/>
      </object_component>
      <object_component id="oc-2bb">
         <name>.text:memccpy</name>
         <load_address>0x2df4</load_address>
         <run_address>0x2df4</run_address>
         <size>0x1c</size>
         <input_file_ref idref="fl-da"/>
      </object_component>
      <object_component id="oc-1ff">
         <name>.text:GPIOPinTypeGPIOOutput</name>
         <load_address>0x2e10</load_address>
         <run_address>0x2e10</run_address>
         <size>0x18</size>
         <input_file_ref idref="fl-cb"/>
      </object_component>
      <object_component id="oc-236">
         <name>.text:_outc</name>
         <load_address>0x2e28</load_address>
         <run_address>0x2e28</run_address>
         <size>0x18</size>
         <input_file_ref idref="fl-d4"/>
      </object_component>
      <object_component id="oc-344">
         <name>.text:strchr</name>
         <load_address>0x2e40</load_address>
         <run_address>0x2e40</run_address>
         <size>0x16</size>
         <input_file_ref idref="fl-db"/>
      </object_component>
      <object_component id="oc-168">
         <name>.text:SysTickEnable</name>
         <load_address>0x2e58</load_address>
         <run_address>0x2e58</run_address>
         <size>0x14</size>
         <input_file_ref idref="fl-e8"/>
      </object_component>
      <object_component id="oc-162">
         <name>.text:SysTickIntEnable</name>
         <load_address>0x2e6c</load_address>
         <run_address>0x2e6c</run_address>
         <size>0x14</size>
         <input_file_ref idref="fl-e8"/>
      </object_component>
      <object_component id="oc-220">
         <name>.text:UARTEnable</name>
         <load_address>0x2e80</load_address>
         <run_address>0x2e80</run_address>
         <size>0x14</size>
         <input_file_ref idref="fl-e9"/>
      </object_component>
      <object_component id="oc-37f">
         <name>.text:copysign</name>
         <load_address>0x2e94</load_address>
         <run_address>0x2e94</run_address>
         <size>0x14</size>
         <input_file_ref idref="fl-e7"/>
      </object_component>
      <object_component id="oc-28c">
         <name>.text:strlen</name>
         <load_address>0x2ea8</load_address>
         <run_address>0x2ea8</run_address>
         <size>0x14</size>
         <input_file_ref idref="fl-dc"/>
      </object_component>
      <object_component id="oc-179">
         <name>.text:GPIOPinTypeGPIOInput</name>
         <load_address>0x2ebc</load_address>
         <run_address>0x2ebc</run_address>
         <size>0x12</size>
         <input_file_ref idref="fl-cb"/>
      </object_component>
      <object_component id="oc-18f">
         <name>.text:GPIOPinTypeUART</name>
         <load_address>0x2ece</load_address>
         <run_address>0x2ece</run_address>
         <size>0x12</size>
         <input_file_ref idref="fl-cb"/>
      </object_component>
      <object_component id="oc-44">
         <name>.text:decompress:ZI:__TI_zero_init_nomemset:__TI_zero_init_nomemset</name>
         <load_address>0x2ee0</load_address>
         <run_address>0x2ee0</run_address>
         <size>0x12</size>
         <input_file_ref idref="fl-bf"/>
      </object_component>
      <object_component id="oc-2c1">
         <name>.text:wcslen</name>
         <load_address>0x2ef2</load_address>
         <run_address>0x2ef2</run_address>
         <size>0x12</size>
         <input_file_ref idref="fl-dd"/>
      </object_component>
      <object_component id="oc-156">
         <name>.text:SysTickPeriodSet</name>
         <load_address>0x2f04</load_address>
         <run_address>0x2f04</run_address>
         <size>0x10</size>
         <input_file_ref idref="fl-e8"/>
      </object_component>
      <object_component id="oc-18">
         <name>.text:decompress:none:__TI_decompress_none</name>
         <load_address>0x2f14</load_address>
         <run_address>0x2f14</run_address>
         <size>0xe</size>
         <input_file_ref idref="fl-c0"/>
      </object_component>
      <object_component id="oc-24">
         <name>.text</name>
         <load_address>0x2f22</load_address>
         <run_address>0x2f22</run_address>
         <size>0xc</size>
         <input_file_ref idref="fl-3"/>
      </object_component>
      <object_component id="oc-1a1">
         <name>.text:UARTCharGet</name>
         <load_address>0x2f2e</load_address>
         <run_address>0x2f2e</run_address>
         <size>0xa</size>
         <input_file_ref idref="fl-e9"/>
      </object_component>
      <object_component id="oc-19b">
         <name>.text:UARTCharPut</name>
         <load_address>0x2f38</load_address>
         <run_address>0x2f38</run_address>
         <size>0xa</size>
         <input_file_ref idref="fl-e9"/>
      </object_component>
      <object_component id="oc-2c7">
         <name>.text:__aeabi_errno_addr</name>
         <load_address>0x2f44</load_address>
         <run_address>0x2f44</run_address>
         <size>0x8</size>
         <input_file_ref idref="fl-e6"/>
      </object_component>
      <object_component id="oc-17f">
         <name>.text:GPIOPinRead</name>
         <load_address>0x2f4c</load_address>
         <run_address>0x2f4c</run_address>
         <size>0x6</size>
         <input_file_ref idref="fl-cb"/>
      </object_component>
      <object_component id="oc-136">
         <name>.text:GPIOPinWrite</name>
         <load_address>0x2f52</load_address>
         <run_address>0x2f52</run_address>
         <size>0x6</size>
         <input_file_ref idref="fl-cb"/>
      </object_component>
      <object_component id="oc-149">
         <name>.text:SysCtlDelay</name>
         <load_address>0x2f58</load_address>
         <run_address>0x2f58</run_address>
         <size>0x6</size>
         <input_file_ref idref="fl-cd"/>
      </object_component>
      <object_component id="oc-92">
         <name>.text:_system_pre_init</name>
         <load_address>0x2f5e</load_address>
         <run_address>0x2f5e</run_address>
         <size>0x4</size>
         <input_file_ref idref="fl-c9"/>
      </object_component>
      <object_component id="oc-e4">
         <name>.text:abort:abort</name>
         <load_address>0x2f62</load_address>
         <run_address>0x2f62</run_address>
         <size>0x4</size>
         <input_file_ref idref="fl-c3"/>
      </object_component>
      <object_component id="oc-2f2">
         <name>.const:.string:_ctypes_</name>
         <load_address>0x2f68</load_address>
         <run_address>0x2f68</run_address>
         <size>0x101</size>
         <input_file_ref idref="fl-d8"/>
      </object_component>
      <object_component id="oc-215">
         <name>.const:g_pui32GPIOBaseAddrs</name>
         <load_address>0x306c</load_address>
         <run_address>0x306c</run_address>
         <size>0x90</size>
         <input_file_ref idref="fl-cb"/>
      </object_component>
      <object_component id="oc-1f0">
         <name>.const:g_pui32Xtals</name>
         <load_address>0x30fc</load_address>
         <run_address>0x30fc</run_address>
         <size>0x6c</size>
         <input_file_ref idref="fl-cd"/>
      </object_component>
      <object_component id="oc-3d5">
         <name>.cinit..data.load</name>
         <load_address>0x3168</load_address>
         <run_address>0x3168</run_address>
         <size>0x19</size>
      </object_component>
      <object_component id="oc-3d2">
         <name>__TI_handler_table</name>
         <load_address>0x3184</load_address>
         <run_address>0x3184</run_address>
         <size>0xc</size>
      </object_component>
      <object_component id="oc-3d6">
         <name>.cinit..bss.load</name>
         <load_address>0x3190</load_address>
         <run_address>0x3190</run_address>
         <size>0x8</size>
      </object_component>
      <object_component id="oc-3d4">
         <name>.cinit..vtable.load</name>
         <load_address>0x3198</load_address>
         <run_address>0x3198</run_address>
         <size>0x8</size>
      </object_component>
      <object_component id="oc-3d3">
         <name>__TI_cinit_table</name>
         <load_address>0x31a0</load_address>
         <run_address>0x31a0</run_address>
         <size>0x18</size>
      </object_component>
      <object_component id="oc-27e">
         <name>.vtable</name>
         <uninitialized>true</uninitialized>
         <run_address>0x20000000</run_address>
         <size>0x26c</size>
         <input_file_ref idref="fl-cc"/>
      </object_component>
      <object_component id="oc-e0">
         <name>.data:seg7Coding</name>
         <load_address>0x20000700</load_address>
         <run_address>0x20000700</run_address>
         <size>0xa</size>
         <input_file_ref idref="fl-1"/>
      </object_component>
      <object_component id="oc-dd">
         <name>.data</name>
         <load_address>0x200006f4</load_address>
         <run_address>0x200006f4</run_address>
         <size>0xc</size>
         <input_file_ref idref="fl-1"/>
      </object_component>
      <object_component id="oc-13e">
         <name>.data</name>
         <load_address>0x2000070c</load_address>
         <run_address>0x2000070c</run_address>
         <size>0x8</size>
         <input_file_ref idref="fl-cf"/>
      </object_component>
      <object_component id="oc-205">
         <name>.data</name>
         <load_address>0x2000070a</load_address>
         <run_address>0x2000070a</run_address>
         <size>0x1</size>
         <input_file_ref idref="fl-d0"/>
      </object_component>
      <object_component id="oc-185">
         <name>.data</name>
         <load_address>0x2000070b</load_address>
         <run_address>0x2000070b</run_address>
         <size>0x1</size>
         <input_file_ref idref="fl-d1"/>
      </object_component>
      <object_component id="oc-354">
         <name>.data</name>
         <load_address>0x20000714</load_address>
         <run_address>0x20000714</run_address>
         <size>0x4</size>
         <input_file_ref idref="fl-e6"/>
      </object_component>
      <object_component id="oc-174">
         <name>.bss</name>
         <uninitialized>true</uninitialized>
         <run_address>0x200006f0</run_address>
         <size>0x4</size>
         <input_file_ref idref="fl-cf"/>
      </object_component>
      <object_component id="oc-141">
         <name>.bss:callbackHeap</name>
         <uninitialized>true</uninitialized>
         <run_address>0x20000670</run_address>
         <size>0x80</size>
         <input_file_ref idref="fl-cf"/>
      </object_component>
      <object_component id="oc-21">
         <name>.stack</name>
         <uninitialized>true</uninitialized>
         <run_address>0x20000270</run_address>
         <size>0x4</size>
         <input_file_ref idref="fl-c2"/>
      </object_component>
      <object_component id="oc-3d7">
         <name>.stack</name>
         <uninitialized>true</uninitialized>
         <run_address>0x20000270</run_address>
         <size>0x0</size>
      </object_component>
      <object_component id="oc-b4">
         <name>.debug_info</name>
         <load_address>0x0</load_address>
         <run_address>0x0</run_address>
         <size>0x38d</size>
         <input_file_ref idref="fl-1"/>
      </object_component>
      <object_component id="oc-e1">
         <name>.debug_info</name>
         <load_address>0x38d</load_address>
         <run_address>0x38d</run_address>
         <size>0xe5</size>
         <input_file_ref idref="fl-1"/>
      </object_component>
      <object_component id="oc-de">
         <name>.debug_info</name>
         <load_address>0x472</load_address>
         <run_address>0x472</run_address>
         <size>0x195</size>
         <input_file_ref idref="fl-1"/>
      </object_component>
      <object_component id="oc-99">
         <name>.debug_info</name>
         <load_address>0x607</load_address>
         <run_address>0x607</run_address>
         <size>0x35d</size>
         <input_file_ref idref="fl-1"/>
      </object_component>
      <object_component id="oc-6d">
         <name>.debug_info</name>
         <load_address>0x964</load_address>
         <run_address>0x964</run_address>
         <size>0x26b</size>
         <input_file_ref idref="fl-1"/>
      </object_component>
      <object_component id="oc-af">
         <name>.debug_info</name>
         <load_address>0xbcf</load_address>
         <run_address>0xbcf</run_address>
         <size>0x8b</size>
         <input_file_ref idref="fl-1"/>
      </object_component>
      <object_component id="oc-aa">
         <name>.debug_info</name>
         <load_address>0xc5a</load_address>
         <run_address>0xc5a</run_address>
         <size>0x297</size>
         <input_file_ref idref="fl-1"/>
      </object_component>
      <object_component id="oc-72">
         <name>.debug_info</name>
         <load_address>0xef1</load_address>
         <run_address>0xef1</run_address>
         <size>0xbb</size>
         <input_file_ref idref="fl-1"/>
      </object_component>
      <object_component id="oc-24a">
         <name>.debug_info</name>
         <load_address>0xfac</load_address>
         <run_address>0xfac</run_address>
         <size>0xcc</size>
         <input_file_ref idref="fl-1"/>
      </object_component>
      <object_component id="oc-1af">
         <name>.debug_info</name>
         <load_address>0x1078</load_address>
         <run_address>0x1078</run_address>
         <size>0x2c</size>
         <input_file_ref idref="fl-1"/>
      </object_component>
      <object_component id="oc-13d">
         <name>.debug_info</name>
         <load_address>0x10a4</load_address>
         <run_address>0x10a4</run_address>
         <size>0x37d</size>
         <input_file_ref idref="fl-2"/>
      </object_component>
      <object_component id="oc-c6">
         <name>.debug_info</name>
         <load_address>0x1421</load_address>
         <run_address>0x1421</run_address>
         <size>0x6c2</size>
         <input_file_ref idref="fl-2"/>
      </object_component>
      <object_component id="oc-2c">
         <name>.debug_info</name>
         <load_address>0x1ae3</load_address>
         <run_address>0x1ae3</run_address>
         <size>0x2bf</size>
         <input_file_ref idref="fl-3"/>
      </object_component>
      <object_component id="oc-10">
         <name>.debug_info</name>
         <load_address>0x1da2</load_address>
         <run_address>0x1da2</run_address>
         <size>0xfe</size>
         <input_file_ref idref="fl-3"/>
      </object_component>
      <object_component id="oc-25">
         <name>.debug_info</name>
         <load_address>0x1ea0</load_address>
         <run_address>0x1ea0</run_address>
         <size>0x27a</size>
         <input_file_ref idref="fl-3"/>
      </object_component>
      <object_component id="oc-33">
         <name>.debug_info</name>
         <load_address>0x211a</load_address>
         <run_address>0x211a</run_address>
         <size>0x84</size>
         <input_file_ref idref="fl-3"/>
      </object_component>
      <object_component id="oc-8b">
         <name>.debug_info</name>
         <load_address>0x219e</load_address>
         <run_address>0x219e</run_address>
         <size>0x31e</size>
         <input_file_ref idref="fl-bf"/>
      </object_component>
      <object_component id="oc-45">
         <name>.debug_info</name>
         <load_address>0x24bc</load_address>
         <run_address>0x24bc</run_address>
         <size>0x1bf</size>
         <input_file_ref idref="fl-bf"/>
      </object_component>
      <object_component id="oc-86">
         <name>.debug_info</name>
         <load_address>0x267b</load_address>
         <run_address>0x267b</run_address>
         <size>0x46</size>
         <input_file_ref idref="fl-bf"/>
      </object_component>
      <object_component id="oc-bc">
         <name>.debug_info</name>
         <load_address>0x26c1</load_address>
         <run_address>0x26c1</run_address>
         <size>0x2c</size>
         <input_file_ref idref="fl-bf"/>
      </object_component>
      <object_component id="oc-43">
         <name>.debug_info</name>
         <load_address>0x26ed</load_address>
         <run_address>0x26ed</run_address>
         <size>0x2a8</size>
         <input_file_ref idref="fl-c0"/>
      </object_component>
      <object_component id="oc-19">
         <name>.debug_info</name>
         <load_address>0x2995</load_address>
         <run_address>0x2995</run_address>
         <size>0x1ea</size>
         <input_file_ref idref="fl-c0"/>
      </object_component>
      <object_component id="oc-3e">
         <name>.debug_info</name>
         <load_address>0x2b7f</load_address>
         <run_address>0x2b7f</run_address>
         <size>0x46</size>
         <input_file_ref idref="fl-c0"/>
      </object_component>
      <object_component id="oc-7e">
         <name>.debug_info</name>
         <load_address>0x2bc5</load_address>
         <run_address>0x2bc5</run_address>
         <size>0x2c</size>
         <input_file_ref idref="fl-c0"/>
      </object_component>
      <object_component id="oc-7c">
         <name>.debug_info</name>
         <load_address>0x2bf1</load_address>
         <run_address>0x2bf1</run_address>
         <size>0x29e</size>
         <input_file_ref idref="fl-c1"/>
      </object_component>
      <object_component id="oc-13">
         <name>.debug_info</name>
         <load_address>0x2e8f</load_address>
         <run_address>0x2e8f</run_address>
         <size>0x250</size>
         <input_file_ref idref="fl-c1"/>
      </object_component>
      <object_component id="oc-2e">
         <name>.debug_info</name>
         <load_address>0x30df</load_address>
         <run_address>0x30df</run_address>
         <size>0x60</size>
         <input_file_ref idref="fl-c1"/>
      </object_component>
      <object_component id="oc-b5">
         <name>.debug_info</name>
         <load_address>0x313f</load_address>
         <run_address>0x313f</run_address>
         <size>0x46</size>
         <input_file_ref idref="fl-c1"/>
      </object_component>
      <object_component id="oc-77">
         <name>.debug_info</name>
         <load_address>0x3185</load_address>
         <run_address>0x3185</run_address>
         <size>0x39</size>
         <input_file_ref idref="fl-c1"/>
      </object_component>
      <object_component id="oc-22">
         <name>.debug_info</name>
         <load_address>0x31be</load_address>
         <run_address>0x31be</run_address>
         <size>0x10b</size>
         <input_file_ref idref="fl-c2"/>
      </object_component>
      <object_component id="oc-57">
         <name>.debug_info</name>
         <load_address>0x32c9</load_address>
         <run_address>0x32c9</run_address>
         <size>0x1af</size>
         <input_file_ref idref="fl-c2"/>
      </object_component>
      <object_component id="oc-e5">
         <name>.debug_info</name>
         <load_address>0x3478</load_address>
         <run_address>0x3478</run_address>
         <size>0x122</size>
         <input_file_ref idref="fl-c3"/>
      </object_component>
      <object_component id="oc-3a">
         <name>.debug_info</name>
         <load_address>0x359a</load_address>
         <run_address>0x359a</run_address>
         <size>0x11c</size>
         <input_file_ref idref="fl-c6"/>
      </object_component>
      <object_component id="oc-8e">
         <name>.debug_info</name>
         <load_address>0x36b6</load_address>
         <run_address>0x36b6</run_address>
         <size>0x14a</size>
         <input_file_ref idref="fl-c7"/>
      </object_component>
      <object_component id="oc-1c3">
         <name>.debug_info</name>
         <load_address>0x3800</load_address>
         <run_address>0x3800</run_address>
         <size>0x552</size>
         <input_file_ref idref="fl-c8"/>
      </object_component>
      <object_component id="oc-f1">
         <name>.debug_info</name>
         <load_address>0x3d52</load_address>
         <run_address>0x3d52</run_address>
         <size>0x1a6</size>
         <input_file_ref idref="fl-c8"/>
      </object_component>
      <object_component id="oc-25f">
         <name>.debug_info</name>
         <load_address>0x3ef8</load_address>
         <run_address>0x3ef8</run_address>
         <size>0x39</size>
         <input_file_ref idref="fl-c8"/>
      </object_component>
      <object_component id="oc-2e0">
         <name>.debug_info</name>
         <load_address>0x3f31</load_address>
         <run_address>0x3f31</run_address>
         <size>0x39</size>
         <input_file_ref idref="fl-c8"/>
      </object_component>
      <object_component id="oc-264">
         <name>.debug_info</name>
         <load_address>0x3f6a</load_address>
         <run_address>0x3f6a</run_address>
         <size>0x39</size>
         <input_file_ref idref="fl-c8"/>
      </object_component>
      <object_component id="oc-269">
         <name>.debug_info</name>
         <load_address>0x3fa3</load_address>
         <run_address>0x3fa3</run_address>
         <size>0xcd</size>
         <input_file_ref idref="fl-c8"/>
      </object_component>
      <object_component id="oc-93">
         <name>.debug_info</name>
         <load_address>0x4070</load_address>
         <run_address>0x4070</run_address>
         <size>0x153</size>
         <input_file_ref idref="fl-c9"/>
      </object_component>
      <object_component id="oc-1e0">
         <name>.debug_info</name>
         <load_address>0x41c3</load_address>
         <run_address>0x41c3</run_address>
         <size>0x240</size>
         <input_file_ref idref="fl-cb"/>
      </object_component>
      <object_component id="oc-216">
         <name>.debug_info</name>
         <load_address>0x4403</load_address>
         <run_address>0x4403</run_address>
         <size>0x15b</size>
         <input_file_ref idref="fl-cb"/>
      </object_component>
      <object_component id="oc-138">
         <name>.debug_info</name>
         <load_address>0x455e</load_address>
         <run_address>0x455e</run_address>
         <size>0x2a3</size>
         <input_file_ref idref="fl-cb"/>
      </object_component>
      <object_component id="oc-132">
         <name>.debug_info</name>
         <load_address>0x4801</load_address>
         <run_address>0x4801</run_address>
         <size>0x2b3</size>
         <input_file_ref idref="fl-cb"/>
      </object_component>
      <object_component id="oc-12c">
         <name>.debug_info</name>
         <load_address>0x4ab4</load_address>
         <run_address>0x4ab4</run_address>
         <size>0x316</size>
         <input_file_ref idref="fl-cb"/>
      </object_component>
      <object_component id="oc-191">
         <name>.debug_info</name>
         <load_address>0x4dca</load_address>
         <run_address>0x4dca</run_address>
         <size>0x27b</size>
         <input_file_ref idref="fl-cb"/>
      </object_component>
      <object_component id="oc-200">
         <name>.debug_info</name>
         <load_address>0x5045</load_address>
         <run_address>0x5045</run_address>
         <size>0x2b7</size>
         <input_file_ref idref="fl-cb"/>
      </object_component>
      <object_component id="oc-17a">
         <name>.debug_info</name>
         <load_address>0x52fc</load_address>
         <run_address>0x52fc</run_address>
         <size>0x285</size>
         <input_file_ref idref="fl-cb"/>
      </object_component>
      <object_component id="oc-180">
         <name>.debug_info</name>
         <load_address>0x5581</load_address>
         <run_address>0x5581</run_address>
         <size>0x27b</size>
         <input_file_ref idref="fl-cb"/>
      </object_component>
      <object_component id="oc-18a">
         <name>.debug_info</name>
         <load_address>0x57fc</load_address>
         <run_address>0x57fc</run_address>
         <size>0x280</size>
         <input_file_ref idref="fl-cb"/>
      </object_component>
      <object_component id="oc-1d9">
         <name>.debug_info</name>
         <load_address>0x5a7c</load_address>
         <run_address>0x5a7c</run_address>
         <size>0x18b</size>
         <input_file_ref idref="fl-cb"/>
      </object_component>
      <object_component id="oc-282">
         <name>.debug_info</name>
         <load_address>0x5c07</load_address>
         <run_address>0x5c07</run_address>
         <size>0x20e</size>
         <input_file_ref idref="fl-cc"/>
      </object_component>
      <object_component id="oc-27f">
         <name>.debug_info</name>
         <load_address>0x5e15</load_address>
         <run_address>0x5e15</run_address>
         <size>0x157</size>
         <input_file_ref idref="fl-cc"/>
      </object_component>
      <object_component id="oc-1f8">
         <name>.debug_info</name>
         <load_address>0x5f6c</load_address>
         <run_address>0x5f6c</run_address>
         <size>0x2c1</size>
         <input_file_ref idref="fl-cc"/>
      </object_component>
      <object_component id="oc-1de">
         <name>.debug_info</name>
         <load_address>0x622d</load_address>
         <run_address>0x622d</run_address>
         <size>0x298</size>
         <input_file_ref idref="fl-cd"/>
      </object_component>
      <object_component id="oc-1f1">
         <name>.debug_info</name>
         <load_address>0x64c5</load_address>
         <run_address>0x64c5</run_address>
         <size>0x14d</size>
         <input_file_ref idref="fl-cd"/>
      </object_component>
      <object_component id="oc-125">
         <name>.debug_info</name>
         <load_address>0x6612</load_address>
         <run_address>0x6612</run_address>
         <size>0x27d</size>
         <input_file_ref idref="fl-cd"/>
      </object_component>
      <object_component id="oc-14b">
         <name>.debug_info</name>
         <load_address>0x688f</load_address>
         <run_address>0x688f</run_address>
         <size>0x2db</size>
         <input_file_ref idref="fl-cd"/>
      </object_component>
      <object_component id="oc-151">
         <name>.debug_info</name>
         <load_address>0x6b6a</load_address>
         <run_address>0x6b6a</run_address>
         <size>0x2b5</size>
         <input_file_ref idref="fl-cd"/>
      </object_component>
      <object_component id="oc-272">
         <name>.debug_info</name>
         <load_address>0x6e1f</load_address>
         <run_address>0x6e1f</run_address>
         <size>0x5f</size>
         <input_file_ref idref="fl-cd"/>
      </object_component>
      <object_component id="oc-178">
         <name>.debug_info</name>
         <load_address>0x6e7e</load_address>
         <run_address>0x6e7e</run_address>
         <size>0x440</size>
         <input_file_ref idref="fl-cf"/>
      </object_component>
      <object_component id="oc-175">
         <name>.debug_info</name>
         <load_address>0x72be</load_address>
         <run_address>0x72be</run_address>
         <size>0xe3</size>
         <input_file_ref idref="fl-cf"/>
      </object_component>
      <object_component id="oc-13f">
         <name>.debug_info</name>
         <load_address>0x73a1</load_address>
         <run_address>0x73a1</run_address>
         <size>0x10f</size>
         <input_file_ref idref="fl-cf"/>
      </object_component>
      <object_component id="oc-142">
         <name>.debug_info</name>
         <load_address>0x74b0</load_address>
         <run_address>0x74b0</run_address>
         <size>0xe9</size>
         <input_file_ref idref="fl-cf"/>
      </object_component>
      <object_component id="oc-cc">
         <name>.debug_info</name>
         <load_address>0x7599</load_address>
         <run_address>0x7599</run_address>
         <size>0x9da</size>
         <input_file_ref idref="fl-cf"/>
      </object_component>
      <object_component id="oc-20d">
         <name>.debug_info</name>
         <load_address>0x7f73</load_address>
         <run_address>0x7f73</run_address>
         <size>0x51</size>
         <input_file_ref idref="fl-cf"/>
      </object_component>
      <object_component id="oc-206">
         <name>.debug_info</name>
         <load_address>0x7fc4</load_address>
         <run_address>0x7fc4</run_address>
         <size>0xe1</size>
         <input_file_ref idref="fl-d0"/>
      </object_component>
      <object_component id="oc-170">
         <name>.debug_info</name>
         <load_address>0x80a5</load_address>
         <run_address>0x80a5</run_address>
         <size>0x2b1</size>
         <input_file_ref idref="fl-d0"/>
      </object_component>
      <object_component id="oc-186">
         <name>.debug_info</name>
         <load_address>0x8356</load_address>
         <run_address>0x8356</run_address>
         <size>0xe8</size>
         <input_file_ref idref="fl-d1"/>
      </object_component>
      <object_component id="oc-d2">
         <name>.debug_info</name>
         <load_address>0x843e</load_address>
         <run_address>0x843e</run_address>
         <size>0x249</size>
         <input_file_ref idref="fl-d1"/>
      </object_component>
      <object_component id="oc-1ae">
         <name>.debug_info</name>
         <load_address>0x8687</load_address>
         <run_address>0x8687</run_address>
         <size>0x43e</size>
         <input_file_ref idref="fl-d2"/>
      </object_component>
      <object_component id="oc-d9">
         <name>.debug_info</name>
         <load_address>0x8ac5</load_address>
         <run_address>0x8ac5</run_address>
         <size>0x3e6</size>
         <input_file_ref idref="fl-d2"/>
      </object_component>
      <object_component id="oc-145">
         <name>.debug_info</name>
         <load_address>0x8eab</load_address>
         <run_address>0x8eab</run_address>
         <size>0x137</size>
         <input_file_ref idref="fl-d3"/>
      </object_component>
      <object_component id="oc-23d">
         <name>.debug_info</name>
         <load_address>0x8fe2</load_address>
         <run_address>0x8fe2</run_address>
         <size>0x340</size>
         <input_file_ref idref="fl-d4"/>
      </object_component>
      <object_component id="oc-1a8">
         <name>.debug_info</name>
         <load_address>0x9322</load_address>
         <run_address>0x9322</run_address>
         <size>0x208</size>
         <input_file_ref idref="fl-d4"/>
      </object_component>
      <object_component id="oc-231">
         <name>.debug_info</name>
         <load_address>0x952a</load_address>
         <run_address>0x952a</run_address>
         <size>0x1c6</size>
         <input_file_ref idref="fl-d4"/>
      </object_component>
      <object_component id="oc-237">
         <name>.debug_info</name>
         <load_address>0x96f0</load_address>
         <run_address>0x96f0</run_address>
         <size>0x179</size>
         <input_file_ref idref="fl-d4"/>
      </object_component>
      <object_component id="oc-23e">
         <name>.debug_info</name>
         <load_address>0x9869</load_address>
         <run_address>0x9869</run_address>
         <size>0x2c</size>
         <input_file_ref idref="fl-d4"/>
      </object_component>
      <object_component id="oc-243">
         <name>.debug_info</name>
         <load_address>0x9895</load_address>
         <run_address>0x9895</run_address>
         <size>0x69</size>
         <input_file_ref idref="fl-d4"/>
      </object_component>
      <object_component id="oc-1ea">
         <name>.debug_info</name>
         <load_address>0x98fe</load_address>
         <run_address>0x98fe</run_address>
         <size>0x118</size>
         <input_file_ref idref="fl-d5"/>
      </object_component>
      <object_component id="oc-2ce">
         <name>.debug_info</name>
         <load_address>0x9a16</load_address>
         <run_address>0x9a16</run_address>
         <size>0x8b1</size>
         <input_file_ref idref="fl-d6"/>
      </object_component>
      <object_component id="oc-299">
         <name>.debug_info</name>
         <load_address>0xa2c7</load_address>
         <run_address>0xa2c7</run_address>
         <size>0x21e</size>
         <input_file_ref idref="fl-d6"/>
      </object_component>
      <object_component id="oc-31e">
         <name>.debug_info</name>
         <load_address>0xa4e5</load_address>
         <run_address>0xa4e5</run_address>
         <size>0x1b3</size>
         <input_file_ref idref="fl-d6"/>
      </object_component>
      <object_component id="oc-324">
         <name>.debug_info</name>
         <load_address>0xa698</load_address>
         <run_address>0xa698</run_address>
         <size>0x21b</size>
         <input_file_ref idref="fl-d6"/>
      </object_component>
      <object_component id="oc-2a4">
         <name>.debug_info</name>
         <load_address>0xa8b3</load_address>
         <run_address>0xa8b3</run_address>
         <size>0x3bb</size>
         <input_file_ref idref="fl-d6"/>
      </object_component>
      <object_component id="oc-32b">
         <name>.debug_info</name>
         <load_address>0xac6e</load_address>
         <run_address>0xac6e</run_address>
         <size>0x305</size>
         <input_file_ref idref="fl-d6"/>
      </object_component>
      <object_component id="oc-331">
         <name>.debug_info</name>
         <load_address>0xaf73</load_address>
         <run_address>0xaf73</run_address>
         <size>0x215</size>
         <input_file_ref idref="fl-d6"/>
      </object_component>
      <object_component id="oc-2aa">
         <name>.debug_info</name>
         <load_address>0xb188</load_address>
         <run_address>0xb188</run_address>
         <size>0x215</size>
         <input_file_ref idref="fl-d6"/>
      </object_component>
      <object_component id="oc-2b0">
         <name>.debug_info</name>
         <load_address>0xb39d</load_address>
         <run_address>0xb39d</run_address>
         <size>0x304</size>
         <input_file_ref idref="fl-d6"/>
      </object_component>
      <object_component id="oc-2b6">
         <name>.debug_info</name>
         <load_address>0xb6a1</load_address>
         <run_address>0xb6a1</run_address>
         <size>0x4b0</size>
         <input_file_ref idref="fl-d6"/>
      </object_component>
      <object_component id="oc-22b">
         <name>.debug_info</name>
         <load_address>0xbb51</load_address>
         <run_address>0xbb51</run_address>
         <size>0x5d8</size>
         <input_file_ref idref="fl-d6"/>
      </object_component>
      <object_component id="oc-2cf">
         <name>.debug_info</name>
         <load_address>0xc129</load_address>
         <run_address>0xc129</run_address>
         <size>0x86</size>
         <input_file_ref idref="fl-d6"/>
      </object_component>
      <object_component id="oc-35b">
         <name>.debug_info</name>
         <load_address>0xc1af</load_address>
         <run_address>0xc1af</run_address>
         <size>0x39</size>
         <input_file_ref idref="fl-d6"/>
      </object_component>
      <object_component id="oc-396">
         <name>.debug_info</name>
         <load_address>0xc1e8</load_address>
         <run_address>0xc1e8</run_address>
         <size>0xb6</size>
         <input_file_ref idref="fl-d6"/>
      </object_component>
      <object_component id="oc-360">
         <name>.debug_info</name>
         <load_address>0xc29e</load_address>
         <run_address>0xc29e</run_address>
         <size>0x46</size>
         <input_file_ref idref="fl-d6"/>
      </object_component>
      <object_component id="oc-2d4">
         <name>.debug_info</name>
         <load_address>0xc2e4</load_address>
         <run_address>0xc2e4</run_address>
         <size>0x46</size>
         <input_file_ref idref="fl-d6"/>
      </object_component>
      <object_component id="oc-2f6">
         <name>.debug_info</name>
         <load_address>0xc32a</load_address>
         <run_address>0xc32a</run_address>
         <size>0x2b9</size>
         <input_file_ref idref="fl-d7"/>
      </object_component>
      <object_component id="oc-293">
         <name>.debug_info</name>
         <load_address>0xc5e3</load_address>
         <run_address>0xc5e3</run_address>
         <size>0x17c</size>
         <input_file_ref idref="fl-d7"/>
      </object_component>
      <object_component id="oc-369">
         <name>.debug_info</name>
         <load_address>0xc75f</load_address>
         <run_address>0xc75f</run_address>
         <size>0xf9</size>
         <input_file_ref idref="fl-d8"/>
      </object_component>
      <object_component id="oc-2f3">
         <name>.debug_info</name>
         <load_address>0xc858</load_address>
         <run_address>0xc858</run_address>
         <size>0x105</size>
         <input_file_ref idref="fl-d8"/>
      </object_component>
      <object_component id="oc-371">
         <name>.debug_info</name>
         <load_address>0xc95d</load_address>
         <run_address>0xc95d</run_address>
         <size>0x29b</size>
         <input_file_ref idref="fl-d9"/>
      </object_component>
      <object_component id="oc-30e">
         <name>.debug_info</name>
         <load_address>0xcbf8</load_address>
         <run_address>0xcbf8</run_address>
         <size>0x1cd</size>
         <input_file_ref idref="fl-d9"/>
      </object_component>
      <object_component id="oc-34c">
         <name>.debug_info</name>
         <load_address>0xcdc5</load_address>
         <run_address>0xcdc5</run_address>
         <size>0x296</size>
         <input_file_ref idref="fl-da"/>
      </object_component>
      <object_component id="oc-2bc">
         <name>.debug_info</name>
         <load_address>0xd05b</load_address>
         <run_address>0xd05b</run_address>
         <size>0x1b6</size>
         <input_file_ref idref="fl-da"/>
      </object_component>
      <object_component id="oc-388">
         <name>.debug_info</name>
         <load_address>0xd211</load_address>
         <run_address>0xd211</run_address>
         <size>0x29a</size>
         <input_file_ref idref="fl-db"/>
      </object_component>
      <object_component id="oc-345">
         <name>.debug_info</name>
         <load_address>0xd4ab</load_address>
         <run_address>0xd4ab</run_address>
         <size>0x268</size>
         <input_file_ref idref="fl-db"/>
      </object_component>
      <object_component id="oc-2f1">
         <name>.debug_info</name>
         <load_address>0xd713</load_address>
         <run_address>0xd713</run_address>
         <size>0x28f</size>
         <input_file_ref idref="fl-dc"/>
      </object_component>
      <object_component id="oc-28d">
         <name>.debug_info</name>
         <load_address>0xd9a2</load_address>
         <run_address>0xd9a2</run_address>
         <size>0x24b</size>
         <input_file_ref idref="fl-dc"/>
      </object_component>
      <object_component id="oc-353">
         <name>.debug_info</name>
         <load_address>0xdbed</load_address>
         <run_address>0xdbed</run_address>
         <size>0x28f</size>
         <input_file_ref idref="fl-dd"/>
      </object_component>
      <object_component id="oc-2c2">
         <name>.debug_info</name>
         <load_address>0xde7c</load_address>
         <run_address>0xde7c</run_address>
         <size>0x15a</size>
         <input_file_ref idref="fl-dd"/>
      </object_component>
      <object_component id="oc-38b">
         <name>.debug_info</name>
         <load_address>0xdfd6</load_address>
         <run_address>0xdfd6</run_address>
         <size>0x46</size>
         <input_file_ref idref="fl-dd"/>
      </object_component>
      <object_component id="oc-34e">
         <name>.debug_info</name>
         <load_address>0xe01c</load_address>
         <run_address>0xe01c</run_address>
         <size>0x39</size>
         <input_file_ref idref="fl-dd"/>
      </object_component>
      <object_component id="oc-379">
         <name>.debug_info</name>
         <load_address>0xe055</load_address>
         <run_address>0xe055</run_address>
         <size>0x29a</size>
         <input_file_ref idref="fl-de"/>
      </object_component>
      <object_component id="oc-339">
         <name>.debug_info</name>
         <load_address>0xe2ef</load_address>
         <run_address>0xe2ef</run_address>
         <size>0x195</size>
         <input_file_ref idref="fl-de"/>
      </object_component>
      <object_component id="oc-3a1">
         <name>.debug_info</name>
         <load_address>0xe484</load_address>
         <run_address>0xe484</run_address>
         <size>0x39</size>
         <input_file_ref idref="fl-de"/>
      </object_component>
      <object_component id="oc-37a">
         <name>.debug_info</name>
         <load_address>0xe4bd</load_address>
         <run_address>0xe4bd</run_address>
         <size>0x2c</size>
         <input_file_ref idref="fl-de"/>
      </object_component>
      <object_component id="oc-386">
         <name>.debug_info</name>
         <load_address>0xe4e9</load_address>
         <run_address>0xe4e9</run_address>
         <size>0x2fd</size>
         <input_file_ref idref="fl-df"/>
      </object_component>
      <object_component id="oc-33f">
         <name>.debug_info</name>
         <load_address>0xe7e6</load_address>
         <run_address>0xe7e6</run_address>
         <size>0x225</size>
         <input_file_ref idref="fl-df"/>
      </object_component>
      <object_component id="oc-319">
         <name>.debug_info</name>
         <load_address>0xea0b</load_address>
         <run_address>0xea0b</run_address>
         <size>0x14f</size>
         <input_file_ref idref="fl-e0"/>
      </object_component>
      <object_component id="oc-29f">
         <name>.debug_info</name>
         <load_address>0xeb5a</load_address>
         <run_address>0xeb5a</run_address>
         <size>0x12b</size>
         <input_file_ref idref="fl-e1"/>
      </object_component>
      <object_component id="oc-304">
         <name>.debug_info</name>
         <load_address>0xec85</load_address>
         <run_address>0xec85</run_address>
         <size>0x12d</size>
         <input_file_ref idref="fl-e1"/>
      </object_component>
      <object_component id="oc-300">
         <name>.debug_info</name>
         <load_address>0xedb2</load_address>
         <run_address>0xedb2</run_address>
         <size>0x13d</size>
         <input_file_ref idref="fl-e2"/>
      </object_component>
      <object_component id="oc-2fc">
         <name>.debug_info</name>
         <load_address>0xeeef</load_address>
         <run_address>0xeeef</run_address>
         <size>0x13d</size>
         <input_file_ref idref="fl-e3"/>
      </object_component>
      <object_component id="oc-309">
         <name>.debug_info</name>
         <load_address>0xf02c</load_address>
         <run_address>0xf02c</run_address>
         <size>0x131</size>
         <input_file_ref idref="fl-e4"/>
      </object_component>
      <object_component id="oc-314">
         <name>.debug_info</name>
         <load_address>0xf15d</load_address>
         <run_address>0xf15d</run_address>
         <size>0x12f</size>
         <input_file_ref idref="fl-e5"/>
      </object_component>
      <object_component id="oc-358">
         <name>.debug_info</name>
         <load_address>0xf28c</load_address>
         <run_address>0xf28c</run_address>
         <size>0x289</size>
         <input_file_ref idref="fl-e6"/>
      </object_component>
      <object_component id="oc-355">
         <name>.debug_info</name>
         <load_address>0xf515</load_address>
         <run_address>0xf515</run_address>
         <size>0x10e</size>
         <input_file_ref idref="fl-e6"/>
      </object_component>
      <object_component id="oc-2ca">
         <name>.debug_info</name>
         <load_address>0xf623</load_address>
         <run_address>0xf623</run_address>
         <size>0x14e</size>
         <input_file_ref idref="fl-e6"/>
      </object_component>
      <object_component id="oc-380">
         <name>.debug_info</name>
         <load_address>0xf771</load_address>
         <run_address>0xf771</run_address>
         <size>0x161</size>
         <input_file_ref idref="fl-e7"/>
      </object_component>
      <object_component id="oc-1f5">
         <name>.debug_info</name>
         <load_address>0xf8d2</load_address>
         <run_address>0xf8d2</run_address>
         <size>0x19d</size>
         <input_file_ref idref="fl-e8"/>
      </object_component>
      <object_component id="oc-158">
         <name>.debug_info</name>
         <load_address>0xfa6f</load_address>
         <run_address>0xfa6f</run_address>
         <size>0x261</size>
         <input_file_ref idref="fl-e8"/>
      </object_component>
      <object_component id="oc-15e">
         <name>.debug_info</name>
         <load_address>0xfcd0</load_address>
         <run_address>0xfcd0</run_address>
         <size>0x277</size>
         <input_file_ref idref="fl-e8"/>
      </object_component>
      <object_component id="oc-164">
         <name>.debug_info</name>
         <load_address>0xff47</load_address>
         <run_address>0xff47</run_address>
         <size>0x227</size>
         <input_file_ref idref="fl-e8"/>
      </object_component>
      <object_component id="oc-16a">
         <name>.debug_info</name>
         <load_address>0x1016e</load_address>
         <run_address>0x1016e</run_address>
         <size>0x221</size>
         <input_file_ref idref="fl-e8"/>
      </object_component>
      <object_component id="oc-227">
         <name>.debug_info</name>
         <load_address>0x1038f</load_address>
         <run_address>0x1038f</run_address>
         <size>0x227</size>
         <input_file_ref idref="fl-e9"/>
      </object_component>
      <object_component id="oc-221">
         <name>.debug_info</name>
         <load_address>0x105b6</load_address>
         <run_address>0x105b6</run_address>
         <size>0x247</size>
         <input_file_ref idref="fl-e9"/>
      </object_component>
      <object_component id="oc-21b">
         <name>.debug_info</name>
         <load_address>0x107fd</load_address>
         <run_address>0x107fd</run_address>
         <size>0x249</size>
         <input_file_ref idref="fl-e9"/>
      </object_component>
      <object_component id="oc-196">
         <name>.debug_info</name>
         <load_address>0x10a46</load_address>
         <run_address>0x10a46</run_address>
         <size>0x326</size>
         <input_file_ref idref="fl-e9"/>
      </object_component>
      <object_component id="oc-19c">
         <name>.debug_info</name>
         <load_address>0x10d6c</load_address>
         <run_address>0x10d6c</run_address>
         <size>0x273</size>
         <input_file_ref idref="fl-e9"/>
      </object_component>
      <object_component id="oc-1a2">
         <name>.debug_info</name>
         <load_address>0x10fdf</load_address>
         <run_address>0x10fdf</run_address>
         <size>0x24d</size>
         <input_file_ref idref="fl-e9"/>
      </object_component>
      <object_component id="oc-3d8">
         <name>.debug_info</name>
         <load_address>0x1122c</load_address>
         <run_address>0x1122c</run_address>
         <size>0xb4</size>
      </object_component>
      <object_component id="oc-123">
         <name>.debug_line</name>
         <load_address>0x0</load_address>
         <run_address>0x0</run_address>
         <size>0x75</size>
         <input_file_ref idref="fl-1"/>
      </object_component>
      <object_component id="oc-1b7">
         <name>.debug_line</name>
         <load_address>0x75</load_address>
         <run_address>0x75</run_address>
         <size>0x2d</size>
         <input_file_ref idref="fl-1"/>
      </object_component>
      <object_component id="oc-1b5">
         <name>.debug_line</name>
         <load_address>0xa2</load_address>
         <run_address>0xa2</run_address>
         <size>0x2d</size>
         <input_file_ref idref="fl-1"/>
      </object_component>
      <object_component id="oc-9c">
         <name>.debug_line</name>
         <load_address>0xcf</load_address>
         <run_address>0xcf</run_address>
         <size>0xfa</size>
         <input_file_ref idref="fl-1"/>
      </object_component>
      <object_component id="oc-70">
         <name>.debug_line</name>
         <load_address>0x1c9</load_address>
         <run_address>0x1c9</run_address>
         <size>0x74</size>
         <input_file_ref idref="fl-1"/>
      </object_component>
      <object_component id="oc-b2">
         <name>.debug_line</name>
         <load_address>0x23d</load_address>
         <run_address>0x23d</run_address>
         <size>0x20</size>
         <input_file_ref idref="fl-1"/>
      </object_component>
      <object_component id="oc-ad">
         <name>.debug_line</name>
         <load_address>0x25d</load_address>
         <run_address>0x25d</run_address>
         <size>0x78</size>
         <input_file_ref idref="fl-1"/>
      </object_component>
      <object_component id="oc-75">
         <name>.debug_line</name>
         <load_address>0x2d5</load_address>
         <run_address>0x2d5</run_address>
         <size>0x75</size>
         <input_file_ref idref="fl-1"/>
      </object_component>
      <object_component id="oc-24d">
         <name>.debug_line</name>
         <load_address>0x34a</load_address>
         <run_address>0x34a</run_address>
         <size>0x6f</size>
         <input_file_ref idref="fl-1"/>
      </object_component>
      <object_component id="oc-1b2">
         <name>.debug_line</name>
         <load_address>0x3b9</load_address>
         <run_address>0x3b9</run_address>
         <size>0x70</size>
         <input_file_ref idref="fl-1"/>
      </object_component>
      <object_component id="oc-1e4">
         <name>.debug_line</name>
         <load_address>0x429</load_address>
         <run_address>0x429</run_address>
         <size>0xec</size>
         <input_file_ref idref="fl-2"/>
      </object_component>
      <object_component id="oc-c9">
         <name>.debug_line</name>
         <load_address>0x515</load_address>
         <run_address>0x515</run_address>
         <size>0x129</size>
         <input_file_ref idref="fl-2"/>
      </object_component>
      <object_component id="oc-6c">
         <name>.debug_line</name>
         <load_address>0x63e</load_address>
         <run_address>0x63e</run_address>
         <size>0x41</size>
         <input_file_ref idref="fl-3"/>
      </object_component>
      <object_component id="oc-2b">
         <name>.debug_line</name>
         <load_address>0x67f</load_address>
         <run_address>0x67f</run_address>
         <size>0x41</size>
         <input_file_ref idref="fl-3"/>
      </object_component>
      <object_component id="oc-28">
         <name>.debug_line</name>
         <load_address>0x6c0</load_address>
         <run_address>0x6c0</run_address>
         <size>0xa1</size>
         <input_file_ref idref="fl-3"/>
      </object_component>
      <object_component id="oc-36">
         <name>.debug_line</name>
         <load_address>0x761</load_address>
         <run_address>0x761</run_address>
         <size>0x20</size>
         <input_file_ref idref="fl-3"/>
      </object_component>
      <object_component id="oc-c2">
         <name>.debug_line</name>
         <load_address>0x781</load_address>
         <run_address>0x781</run_address>
         <size>0xa9</size>
         <input_file_ref idref="fl-bf"/>
      </object_component>
      <object_component id="oc-48">
         <name>.debug_line</name>
         <load_address>0x82a</load_address>
         <run_address>0x82a</run_address>
         <size>0x4f</size>
         <input_file_ref idref="fl-bf"/>
      </object_component>
      <object_component id="oc-89">
         <name>.debug_line</name>
         <load_address>0x879</load_address>
         <run_address>0x879</run_address>
         <size>0x34</size>
         <input_file_ref idref="fl-bf"/>
      </object_component>
      <object_component id="oc-bf">
         <name>.debug_line</name>
         <load_address>0x8ad</load_address>
         <run_address>0x8ad</run_address>
         <size>0x95</size>
         <input_file_ref idref="fl-bf"/>
      </object_component>
      <object_component id="oc-84">
         <name>.debug_line</name>
         <load_address>0x942</load_address>
         <run_address>0x942</run_address>
         <size>0x20</size>
         <input_file_ref idref="fl-c0"/>
      </object_component>
      <object_component id="oc-1c">
         <name>.debug_line</name>
         <load_address>0x962</load_address>
         <run_address>0x962</run_address>
         <size>0x55</size>
         <input_file_ref idref="fl-c0"/>
      </object_component>
      <object_component id="oc-41">
         <name>.debug_line</name>
         <load_address>0x9b7</load_address>
         <run_address>0x9b7</run_address>
         <size>0x3a</size>
         <input_file_ref idref="fl-c0"/>
      </object_component>
      <object_component id="oc-81">
         <name>.debug_line</name>
         <load_address>0x9f1</load_address>
         <run_address>0x9f1</run_address>
         <size>0x95</size>
         <input_file_ref idref="fl-c0"/>
      </object_component>
      <object_component id="oc-bb">
         <name>.debug_line</name>
         <load_address>0xa86</load_address>
         <run_address>0xa86</run_address>
         <size>0x20</size>
         <input_file_ref idref="fl-c1"/>
      </object_component>
      <object_component id="oc-16">
         <name>.debug_line</name>
         <load_address>0xaa6</load_address>
         <run_address>0xaa6</run_address>
         <size>0xa9</size>
         <input_file_ref idref="fl-c1"/>
      </object_component>
      <object_component id="oc-31">
         <name>.debug_line</name>
         <load_address>0xb4f</load_address>
         <run_address>0xb4f</run_address>
         <size>0x3a</size>
         <input_file_ref idref="fl-c1"/>
      </object_component>
      <object_component id="oc-b8">
         <name>.debug_line</name>
         <load_address>0xb89</load_address>
         <run_address>0xb89</run_address>
         <size>0x9d</size>
         <input_file_ref idref="fl-c1"/>
      </object_component>
      <object_component id="oc-7a">
         <name>.debug_line</name>
         <load_address>0xc26</load_address>
         <run_address>0xc26</run_address>
         <size>0x99</size>
         <input_file_ref idref="fl-c1"/>
      </object_component>
      <object_component id="oc-69">
         <name>.debug_line</name>
         <load_address>0xcbf</load_address>
         <run_address>0xcbf</run_address>
         <size>0x33</size>
         <input_file_ref idref="fl-c2"/>
      </object_component>
      <object_component id="oc-5a">
         <name>.debug_line</name>
         <load_address>0xcf2</load_address>
         <run_address>0xcf2</run_address>
         <size>0x56</size>
         <input_file_ref idref="fl-c2"/>
      </object_component>
      <object_component id="oc-e8">
         <name>.debug_line</name>
         <load_address>0xd48</load_address>
         <run_address>0xd48</run_address>
         <size>0x3c</size>
         <input_file_ref idref="fl-c3"/>
      </object_component>
      <object_component id="oc-3c">
         <name>.debug_line</name>
         <load_address>0xd84</load_address>
         <run_address>0xd84</run_address>
         <size>0x88</size>
         <input_file_ref idref="fl-c6"/>
      </object_component>
      <object_component id="oc-90">
         <name>.debug_line</name>
         <load_address>0xe0c</load_address>
         <run_address>0xe0c</run_address>
         <size>0x79</size>
         <input_file_ref idref="fl-c7"/>
      </object_component>
      <object_component id="oc-25e">
         <name>.debug_line</name>
         <load_address>0xe85</load_address>
         <run_address>0xe85</run_address>
         <size>0xc2</size>
         <input_file_ref idref="fl-c8"/>
      </object_component>
      <object_component id="oc-f4">
         <name>.debug_line</name>
         <load_address>0xf47</load_address>
         <run_address>0xf47</run_address>
         <size>0x6c</size>
         <input_file_ref idref="fl-c8"/>
      </object_component>
      <object_component id="oc-262">
         <name>.debug_line</name>
         <load_address>0xfb3</load_address>
[...]
               <start_address>0x20000270</start_address>
               <size>0x400</size>
               <logical_group_ref idref="lg-d"/>
            </allocated_space>
            <allocated_space>
               <start_address>0x20000670</start_address>
               <size>0x84</size>
               <logical_group_ref idref="lg-b"/>
            </allocated_space>
            <allocated_space>
               <start_address>0x200006f4</start_address>
               <size>0x24</size>
               <logical_group_ref idref="lg-a"/>
            </allocated_space>
            <available_space>
               <start_address>0x20000718</start_address>
               <size>0x78e8</size>
            </available_space>
         </usage_details>
      </memory_area>
   </placement_map>
   <cptbl_list>
      <cptbl>
         <name>__TI_cinit_table</name>
         <cprec>
            <name>.data</name>
            <load_address>0x3168</load_address>
            <load_size>0x19</load_size>
            <run_address>0x200006f4</run_address>
            <run_size>0x24</run_size>
            <compression>lzss</compression>
         </cprec>
         <cprec>
            <name>.bss</name>
            <load_address>0x3190</load_address>
            <load_size>0x8</load_size>
            <run_address>0x20000670</run_address>
            <run_size>0x84</run_size>
            <compression>zero_init</compression>
         </cprec>
         <cprec>
            <name>.vtable</name>
            <load_address>0x3198</load_address>
            <load_size>0x8</load_size>
            <run_address>0x20000000</run_address>
            <run_size>0x26c</run_size>
            <compression>zero_init</compression>
         </cprec>
      </cptbl>
   </cptbl_list>
   <handler_table>
      <handler_table_name>__TI_handler_table</handler_table_name>
      <handler>
         <index>0x0</index>
         <name>__TI_zero_init</name>
      </handler>
      <handler>
         <index>0x1</index>
         <name>__TI_decompress_lzss</name>
      </handler>
      <handler>
         <index>0x2</index>
         <name>__TI_decompress_none</name>
      </handler>
   </handler_table>
   <symbol_table>
      <symbol id="sm-1">
         <name>__STACK_TOP</name>
         <value>0x20000470</value>
      </symbol>
      <symbol id="sm-2">
         <name>__TI_CINIT_Base</name>
         <value>0x31a0</value>
      </symbol>
      <symbol id="sm-3">
         <name>__TI_CINIT_Limit</name>
         <value>0x31b8</value>
      </symbol>
      <symbol id="sm-4">
         <name>__TI_Handler_Table_Base</name>
         <value>0x3184</value>
      </symbol>
      <symbol id="sm-5">
         <name>__TI_Handler_Table_Limit</name>
         <value>0x3190</value>
      </symbol>
      <symbol id="sm-6">
         <name>binit</name>
         <value>0xffffffff</value>
      </symbol>
      <symbol id="sm-7">
         <name>__binit__</name>
         <value>0xffffffff</value>
      </symbol>
      <symbol id="sm-8">
         <name>__STACK_SIZE</name>
         <value>0x400</value>
      </symbol>
      <symbol id="sm-9">
         <name>__STACK_END</name>
         <value>0x20000670</value>
      </symbol>
      <symbol id="sm-a">
         <name>__c_args__</name>
         <value>0xffffffff</value>
      </symbol>
      <symbol id="sm-b">
         <name>__TI_pprof_out_hndl</name>
         <value>0xffffffff</value>
      </symbol>
      <symbol id="sm-c">
         <name>__TI_prof_data_start</name>
         <value>0xffffffff</value>
      </symbol>
      <symbol id="sm-d">
         <name>__TI_prof_data_size</name>
         <value>0xffffffff</value>
      </symbol>
      <symbol id="sm-84">
         <name>handleDigitUpdate</name>
         <value>0x1891</value>
         <object_component_ref idref="oc-98"/>
      </symbol>
      <symbol id="sm-85">
         <name>checkPushButton</name>
         <value>0x1983</value>
         <object_component_ref idref="oc-98"/>
      </symbol>
      <symbol id="sm-86">
         <name>main</name>
         <value>0x19d3</value>
         <object_component_ref idref="oc-98"/>
      </symbol>
      <symbol id="sm-87">
         <name>clockUpdate</name>
         <value>0x18e3</value>
         <object_component_ref idref="oc-98"/>
      </symbol>
      <symbol id="sm-a6">
         <name>seg7Init</name>
         <value>0x130d</value>
         <object_component_ref idref="oc-c5"/>
      </symbol>
      <symbol id="sm-a7">
         <name>seg7Update</name>
         <value>0x1499</value>
         <object_component_ref idref="oc-c5"/>
      </symbol>
      <symbol id="sm-c8">
         <name>ResetISR</name>
         <value>0x2f23</value>
         <object_component_ref idref="oc-24"/>
      </symbol>
      <symbol id="sm-c9">
         <name>g_pfnVectors</name>
         <value>0x0</value>
         <object_component_ref idref="oc-f"/>
      </symbol>
      <symbol id="sm-e2">
         <name>__TI_zero_init_nomemset</name>
         <value>0x2ee1</value>
         <object_component_ref idref="oc-44"/>
      </symbol>
      <symbol id="sm-f9">
         <name>__TI_decompress_none</name>
         <value>0x2f15</value>
         <object_component_ref idref="oc-18"/>
      </symbol>
      <symbol id="sm-11c">
         <name>__TI_decompress_lzss</name>
         <value>0x28e1</value>
         <object_component_ref idref="oc-12"/>
      </symbol>
      <symbol id="sm-12f">
         <name>__stack</name>
         <value>0x20000270</value>
         <object_component_ref idref="oc-21"/>
      </symbol>
      <symbol id="sm-130">
         <name>_c_int00_noargs</name>
         <value>0x2c91</value>
         <object_component_ref idref="oc-56"/>
      </symbol>
      <symbol id="sm-13b">
         <name>C$$EXIT</name>
         <value>0x2f63</value>
         <object_component_ref idref="oc-e4"/>
      </symbol>
      <symbol id="sm-13c">
         <name>abort</name>
         <value>0x2f63</value>
         <object_component_ref idref="oc-e4"/>
      </symbol>
      <symbol id="sm-159">
         <name>memcpy</name>
         <value>0x252d</value>
         <object_component_ref idref="oc-38"/>
      </symbol>
      <symbol id="sm-15a">
         <name>__aeabi_memcpy</name>
         <value>0x252d</value>
         <object_component_ref idref="oc-38"/>
      </symbol>
      <symbol id="sm-15b">
         <name>__aeabi_memcpy8</name>
         <value>0x252d</value>
         <object_component_ref idref="oc-38"/>
      </symbol>
      <symbol id="sm-15c">
         <name>__aeabi_memcpy4</name>
         <value>0x252d</value>
         <object_component_ref idref="oc-38"/>
      </symbol>
      <symbol id="sm-16b">
         <name>__aeabi_memset</name>
         <value>0x27fb</value>
         <object_component_ref idref="oc-8c"/>
      </symbol>
      <symbol id="sm-16c">
         <name>memset</name>
         <value>0x2801</value>
         <object_component_ref idref="oc-8c"/>
      </symbol>
      <symbol id="sm-16d">
         <name>__aeabi_memset8</name>
         <value>0x27fb</value>
         <object_component_ref idref="oc-8c"/>
      </symbol>
      <symbol id="sm-16e">
         <name>__aeabi_memset4</name>
         <value>0x27fb</value>
         <object_component_ref idref="oc-8c"/>
      </symbol>
      <symbol id="sm-16f">
         <name>__aeabi_memclr8</name>
         <value>0x27f9</value>
         <object_component_ref idref="oc-8c"/>
      </symbol>
      <symbol id="sm-170">
         <name>__aeabi_memclr4</name>
         <value>0x27f9</value>
         <object_component_ref idref="oc-8c"/>
      </symbol>
      <symbol id="sm-171">
         <name>__aeabi_memclr</name>
         <value>0x27f9</value>
         <object_component_ref idref="oc-8c"/>
      </symbol>
      <symbol id="sm-199">
         <name>__TI_auto_init_nobinit_nopinit</name>
         <value>0x2bcd</value>
         <object_component_ref idref="oc-f0"/>
      </symbol>
      <symbol id="sm-1a3">
         <name>_system_pre_init</name>
         <value>0x2f5f</value>
         <object_component_ref idref="oc-92"/>
      </symbol>
      <symbol id="sm-1fb">
         <name>GPIOPinConfigure</name>
         <value>0x2af5</value>
         <object_component_ref idref="oc-189"/>
      </symbol>
      <symbol id="sm-1fc">
         <name>GPIOPinTypeGPIOInput</name>
         <value>0x2ebd</value>
         <object_component_ref idref="oc-179"/>
      </symbol>
      <symbol id="sm-1fd">
         <name>GPIOPinTypeUART</name>
         <value>0x2ecf</value>
         <object_component_ref idref="oc-18f"/>
      </symbol>
      <symbol id="sm-1fe">
         <name>GPIOPinTypeGPIOOutput</name>
         <value>0x2e11</value>
         <object_component_ref idref="oc-1ff"/>
      </symbol>
      <symbol id="sm-1ff">
         <name>GPIOPinRead</name>
         <value>0x2f4d</value>
         <object_component_ref idref="oc-17f"/>
      </symbol>
      <symbol id="sm-200">
         <name>GPIODirModeSet</name>
         <value>0x2d8f</value>
         <object_component_ref idref="oc-130"/>
      </symbol>
      <symbol id="sm-201">
         <name>GPIOPinWrite</name>
         <value>0x2f53</value>
         <object_component_ref idref="oc-136"/>
      </symbol>
      <symbol id="sm-202">
         <name>GPIOPadConfigSet</name>
         <value>0x1cb3</value>
         <object_component_ref idref="oc-12a"/>
      </symbol>
      <symbol id="sm-219">
         <name>IntRegister</name>
         <value>0x2cc9</value>
         <object_component_ref idref="oc-1f6"/>
      </symbol>
      <symbol id="sm-21a">
         <name>g_pfnRAMVectors</name>
         <value>0x20000000</value>
         <object_component_ref idref="oc-27e"/>
      </symbol>
      <symbol id="sm-26c">
         <name>SysCtlClockSet</name>
         <value>0x2225</value>
         <object_component_ref idref="oc-14a"/>
      </symbol>
      <symbol id="sm-26d">
         <name>SysCtlDelay</name>
         <value>0x2f59</value>
         <object_component_ref idref="oc-149"/>
      </symbol>
      <symbol id="sm-26e">
         <name>SysCtlPeripheralEnable</name>
         <value>0x2cfd</value>
         <object_component_ref idref="oc-124"/>
      </symbol>
      <symbol id="sm-26f">
         <name>SysCtlClockGet</name>
         <value>0x1f09</value>
         <object_component_ref idref="oc-150"/>
      </symbol>
      <symbol id="sm-2cd">
         <name>schdExecute</name>
         <value>0xe75</value>
         <object_component_ref idref="oc-cb"/>
      </symbol>
      <symbol id="sm-2ce">
         <name>sysTimeWaitAbsolute</name>
         <value>0xdaf</value>
         <object_component_ref idref="oc-cb"/>
      </symbol>
      <symbol id="sm-2cf">
         <name>lpInit</name>
         <value>0xfd7</value>
         <object_component_ref idref="oc-cb"/>
      </symbol>
      <symbol id="sm-2d0">
         <name>sysTimeGet</name>
         <value>0xd5f</value>
         <object_component_ref idref="oc-cb"/>
      </symbol>
      <symbol id="sm-2d1">
         <name>sysTimeReached</name>
         <value>0xd65</value>
         <object_component_ref idref="oc-cb"/>
      </symbol>
      <symbol id="sm-2d2">
         <name>waitUs</name>
         <value>0xfa9</value>
         <object_component_ref idref="oc-cb"/>
      </symbol>
      <symbol id="sm-2d3">
         <name>sysTimeWait</name>
         <value>0xd8b</value>
         <object_component_ref idref="oc-cb"/>
      </symbol>
      <symbol id="sm-2d4">
         <name>schdCallback</name>
         <value>0xdfb</value>
         <object_component_ref idref="oc-cb"/>
      </symbol>
      <symbol id="sm-2d5">
         <name>waitMs</name>
         <value>0xf79</value>
         <object_component_ref idref="oc-cb"/>
      </symbol>
      <symbol id="sm-2f0">
         <name>ledInit</name>
         <value>0x24b3</value>
         <object_component_ref idref="oc-16e"/>
      </symbol>
      <symbol id="sm-2f1">
         <name>ledInitForced</name>
         <value>0x2491</value>
         <object_component_ref idref="oc-16e"/>
      </symbol>
      <symbol id="sm-2f2">
         <name>ledTurnOnOff</name>
         <value>0x24c7</value>
         <object_component_ref idref="oc-16e"/>
      </symbol>
      <symbol id="sm-310">
         <name>pbInitForced</name>
         <value>0x2661</value>
         <object_component_ref idref="oc-d1"/>
      </symbol>
      <symbol id="sm-311">
         <name>pbInit</name>
         <value>0x2695</value>
         <object_component_ref idref="oc-d1"/>
      </symbol>
      <symbol id="sm-312">
         <name>pbRead</name>
         <value>0x26a9</value>
         <object_component_ref idref="oc-d1"/>
      </symbol>
      <symbol id="sm-329">
         <name>uartPutString</name>
         <value>0x2377</value>
         <object_component_ref idref="oc-d7"/>
      </symbol>
      <symbol id="sm-32a">
         <name>uprintf</name>
         <value>0x23a3</value>
         <object_component_ref idref="oc-d7"/>
      </symbol>
      <symbol id="sm-32b">
         <name>uartInit</name>
         <value>0x2319</value>
         <object_component_ref idref="oc-d7"/>
      </symbol>
      <symbol id="sm-32c">
         <name>uartPutChar</name>
         <value>0x2353</value>
         <object_component_ref idref="oc-d7"/>
      </symbol>
      <symbol id="sm-32d">
         <name>uartGetChar</name>
         <value>0x2365</value>
         <object_component_ref idref="oc-d7"/>
      </symbol>
      <symbol id="sm-33a">
         <name>__aeabi_uldivmod</name>
         <value>0x25c9</value>
         <object_component_ref idref="oc-144"/>
      </symbol>
      <symbol id="sm-369">
         <name>vsnprintf</name>
         <value>0x2c11</value>
         <object_component_ref idref="oc-1a7"/>
      </symbol>
      <symbol id="sm-373">
         <name>__aeabi_idiv0</name>
         <value>0xccb</value>
         <object_component_ref idref="oc-1e9"/>
      </symbol>
      <symbol id="sm-374">
         <name>__aeabi_ldiv0</name>
         <value>0xccb</value>
         <object_component_ref idref="oc-1e9"/>
      </symbol>
      <symbol id="sm-4d9">
         <name>__TI_printfi</name>
         <value>0x26d</value>
         <object_component_ref idref="oc-22a"/>
      </symbol>
      <symbol id="sm-4ef">
         <name>atoi</name>
         <value>0x2aa9</value>
         <object_component_ref idref="oc-292"/>
      </symbol>
      <symbol id="sm-4fa">
         <name>_ctypes_</name>
         <value>0x2f68</value>
         <object_component_ref idref="oc-2f2"/>
      </symbol>
      <symbol id="sm-509">
         <name>ltoa</name>
         <value>0x2a03</value>
         <object_component_ref idref="oc-30d"/>
      </symbol>
      <symbol id="sm-519">
         <name>memccpy</name>
         <value>0x2df5</value>
         <object_component_ref idref="oc-2bb"/>
      </symbol>
      <symbol id="sm-529">
         <name>strchr</name>
         <value>0x2e41</value>
         <object_component_ref idref="oc-344"/>
      </symbol>
      <symbol id="sm-537">
         <name>strlen</name>
         <value>0x2ea9</value>
         <object_component_ref idref="oc-28c"/>
      </symbol>
      <symbol id="sm-550">
         <name>wcslen</name>
         <value>0x2ef3</value>
         <object_component_ref idref="oc-2c1"/>
      </symbol>
      <symbol id="sm-570">
         <name>frexpl</name>
         <value>0x2949</value>
         <object_component_ref idref="oc-338"/>
      </symbol>
      <symbol id="sm-571">
         <name>frexp</name>
         <value>0x2949</value>
         <object_component_ref idref="oc-338"/>
      </symbol>
      <symbol id="sm-58e">
         <name>scalbn</name>
         <value>0x2019</value>
         <object_component_ref idref="oc-33e"/>
      </symbol>
      <symbol id="sm-58f">
         <name>scalbnl</name>
         <value>0x2019</value>
         <object_component_ref idref="oc-33e"/>
      </symbol>
      <symbol id="sm-590">
         <name>ldexpl</name>
         <value>0x2019</value>
         <object_component_ref idref="oc-33e"/>
      </symbol>
      <symbol id="sm-591">
         <name>ldexp</name>
         <value>0x2019</value>
         <object_component_ref idref="oc-33e"/>
      </symbol>
      <symbol id="sm-5a8">
         <name>__aeabi_dsub</name>
         <value>0x16d9</value>
         <object_component_ref idref="oc-318"/>
      </symbol>
      <symbol id="sm-5a9">
         <name>__aeabi_dadd</name>
         <value>0x16e3</value>
         <object_component_ref idref="oc-318"/>
      </symbol>
      <symbol id="sm-5cb">
         <name>__aeabi_cdcmpeq</name>
         <value>0x26ed</value>
         <object_component_ref idref="oc-29e"/>
      </symbol>
      <symbol id="sm-5cc">
         <name>__aeabi_cdcmple</name>
         <value>0x26ed</value>
         <object_component_ref idref="oc-29e"/>
      </symbol>
      <symbol id="sm-5cd">
         <name>__aeabi_cdrcmple</name>
         <value>0x2773</value>
         <object_component_ref idref="oc-303"/>
      </symbol>
      <symbol id="sm-5e1">
         <name>__aeabi_ddiv</name>
         <value>0x1b7d</value>
         <object_component_ref idref="oc-2fe"/>
      </symbol>
      <symbol id="sm-5ec">
         <name>__aeabi_dmul</name>
         <value>0x2129</value>
         <object_component_ref idref="oc-2f9"/>
      </symbol>
      <symbol id="sm-5f6">
         <name>__aeabi_d2iz</name>
         <value>0x2b3d</value>
         <object_component_ref idref="oc-308"/>
      </symbol>
      <symbol id="sm-600">
         <name>__aeabi_i2d</name>
         <value>0x2d61</value>
         <object_component_ref idref="oc-313"/>
      </symbol>
      <symbol id="sm-616">
         <name>__aeabi_errno_addr</name>
         <value>0x2f45</value>
         <object_component_ref idref="oc-2c7"/>
      </symbol>
      <symbol id="sm-617">
         <name>errno</name>
         <value>0x20000714</value>
         <object_component_ref idref="oc-354"/>
      </symbol>
      <symbol id="sm-621">
         <name>copysign</name>
         <value>0x2e95</value>
         <object_component_ref idref="oc-37f"/>
      </symbol>
      <symbol id="sm-622">
         <name>copysignl</name>
         <value>0x2e95</value>
         <object_component_ref idref="oc-37f"/>
      </symbol>
      <symbol id="sm-64f">
         <name>SysTickEnable</name>
         <value>0x2e59</value>
         <object_component_ref idref="oc-168"/>
      </symbol>
      <symbol id="sm-650">
         <name>SysTickIntRegister</name>
         <value>0x2dd9</value>
         <object_component_ref idref="oc-15c"/>
      </symbol>
      <symbol id="sm-651">
         <name>SysTickIntEnable</name>
         <value>0x2e6d</value>
         <object_component_ref idref="oc-162"/>
      </symbol>
      <symbol id="sm-652">
         <name>SysTickPeriodSet</name>
         <value>0x2f05</value>
         <object_component_ref idref="oc-156"/>
      </symbol>
      <symbol id="sm-685">
         <name>UARTConfigSetExpClk</name>
         <value>0x2b85</value>
         <object_component_ref idref="oc-195"/>
      </symbol>
      <symbol id="sm-686">
         <name>UARTDisable</name>
         <value>0x2db9</value>
         <object_component_ref idref="oc-21a"/>
      </symbol>
      <symbol id="sm-687">
         <name>UARTCharPut</name>
         <value>0x2f39</value>
         <object_component_ref idref="oc-19b"/>
      </symbol>
      <symbol id="sm-688">
         <name>UARTEnable</name>
         <value>0x2e81</value>
         <object_component_ref idref="oc-220"/>
      </symbol>
      <symbol id="sm-689">
         <name>UARTCharGet</name>
         <value>0x2f2f</value>
         <object_component_ref idref="oc-1a1"/>
      </symbol>
      <symbol id="sm-68a">
         <name>__TI_static_base__</name>
         <value>0x0</value>
      </symbol>
      <symbol id="sm-68d">
         <name>__mpu_init</name>
         <value>0x0</value>
      </symbol>
      <symbol id="sm-68e">
         <name>_system_post_cinit</name>
         <value>0x0</value>
      </symbol>
   </symbol_table>
   <title>Link successful</title>
</link_info>
